Archive member included to satisfy reference by file (symbol)

C:/ST/STM32CubeIDE_1.18.1/STM32CubeIDE/plugins/com.st.stm32cube.ide.mcu.externaltools.gnu-tools-for-stm32.13.3.rel1.win32_1.0.0.202411081344/tools/bin/../lib/gcc/arm-none-eabi/13.3.1/../../../../arm-none-eabi/lib/thumb/v6-m/nofp\libc_nano.a(libc_a-exit.o)
                              C:/ST/STM32CubeIDE_1.18.1/STM32CubeIDE/plugins/com.st.stm32cube.ide.mcu.externaltools.gnu-tools-for-stm32.13.3.rel1.win32_1.0.0.202411081344/tools/bin/../lib/gcc/arm-none-eabi/13.3.1/../../../../arm-none-eabi/lib/thumb/v6-m/nofp/crt0.o (exit)
C:/ST/STM32CubeIDE_1.18.1/STM32CubeIDE/plugins/com.st.stm32cube.ide.mcu.externaltools.gnu-tools-for-stm32.13.3.rel1.win32_1.0.0.202411081344/tools/bin/../lib/gcc/arm-none-eabi/13.3.1/../../../../arm-none-eabi/lib/thumb/v6-m/nofp\libc_nano.a(libc_a-fflush.o)
                              ./Application/App/app_gnss.o (fflush)
C:/ST/STM32CubeIDE_1.18.1/STM32CubeIDE/plugins/com.st.stm32cube.ide.mcu.externaltools.gnu-tools-for-stm32.13.3.rel1.win32_1.0.0.202411081344/tools/bin/../lib/gcc/arm-none-eabi/13.3.1/../../../../arm-none-eabi/lib/thumb/v6-m/nofp\libc_nano.a(libc_a-findfp.o)
                              C:/ST/STM32CubeIDE_1.18.1/STM32CubeIDE/plugins/com.st.stm32cube.ide.mcu.externaltools.gnu-tools-for-stm32.13.3.rel1.win32_1.0.0.202411081344/tools/bin/../lib/gcc/arm-none-eabi/13.3.1/../../../../arm-none-eabi/lib/thumb/v6-m/nofp\libc_nano.a(libc_a-fflush.o) (__sglue)
C:/ST/STM32CubeIDE_1.18.1/STM32CubeIDE/plugins/com.st.stm32cube.ide.mcu.externaltools.gnu-tools-for-stm32.13.3.rel1.win32_1.0.0.202411081344/tools/bin/../lib/gcc/arm-none-eabi/13.3.1/../../../../arm-none-eabi/lib/thumb/v6-m/nofp\libc_nano.a(libc_a-fwalk.o)
                              C:/ST/STM32CubeIDE_1.18.1/STM32CubeIDE/plugins/com.st.stm32cube.ide.mcu.externaltools.gnu-tools-for-stm32.13.3.rel1.win32_1.0.0.202411081344/tools/bin/../lib/gcc/arm-none-eabi/13.3.1/../../../../arm-none-eabi/lib/thumb/v6-m/nofp\libc_nano.a(libc_a-fflush.o) (_fwalk_sglue)
C:/ST/STM32CubeIDE_1.18.1/STM32CubeIDE/plugins/com.st.stm32cube.ide.mcu.externaltools.gnu-tools-for-stm32.13.3.rel1.win32_1.0.0.202411081344/tools/bin/../lib/gcc/arm-none-eabi/13.3.1/../../../../arm-none-eabi/lib/thumb/v6-m/nofp\libc_nano.a(libc_a-snprintf.o)
                              ./Application/App/subghz_phy_app.o (snprintf)
C:/ST/STM32CubeIDE_1.18.1/STM32CubeIDE/plugins/com.st.stm32cube.ide.mcu.externaltools.gnu-tools-for-stm32.13.3.rel1.win32_1.0.0.202411081344/tools/bin/../lib/gcc/arm-none-eabi/13.3.1/../../../../arm-none-eabi/lib/thumb/v6-m/nofp\libc_nano.a(libc_a-stdio.o)
                              C:/ST/STM32CubeIDE_1.18.1/STM32CubeIDE/plugins/com.st.stm32cube.ide.mcu.externaltools.gnu-tools-for-stm32.13.3.rel1.win32_1.0.0.202411081344/tools/bin/../lib/gcc/arm-none-eabi/13.3.1/../../../../arm-none-eabi/lib/thumb/v6-m/nofp\libc_nano.a(libc_a-findfp.o) (__sread)
C:/ST/STM32CubeIDE_1.18.1/STM32CubeIDE/plugins/com.st.stm32cube.ide.mcu.externaltools.gnu-tools-for-stm32.13.3.rel1.win32_1.0.0.202411081344/tools/bin/../lib/gcc/arm-none-eabi/13.3.1/../../../../arm-none-eabi/lib/thumb/v6-m/nofp\libc_nano.a(libc_a-memcmp.o)
                              ./Application/App/subghz_phy_app.o (memcmp)
C:/ST/STM32CubeIDE_1.18.1/STM32CubeIDE/plugins/com.st.stm32cube.ide.mcu.externaltools.gnu-tools-for-stm32.13.3.rel1.win32_1.0.0.202411081344/tools/bin/../lib/gcc/arm-none-eabi/13.3.1/../../../../arm-none-eabi/lib/thumb/v6-m/nofp\libc_nano.a(libc_a-memset.o)
                              C:/ST/STM32CubeIDE_1.18.1/STM32CubeIDE/plugins/com.st.stm32cube.ide.mcu.externaltools.gnu-tools-for-stm32.13.3.rel1.win32_1.0.0.202411081344/tools/bin/../lib/gcc/arm-none-eabi/13.3.1/../../../../arm-none-eabi/lib/thumb/v6-m/nofp/crt0.o (memset)
C:/ST/STM32CubeIDE_1.18.1/STM32CubeIDE/plugins/com.st.stm32cube.ide.mcu.externaltools.gnu-tools-for-stm32.13.3.rel1.win32_1.0.0.202411081344/tools/bin/../lib/gcc/arm-none-eabi/13.3.1/../../../../arm-none-eabi/lib/thumb/v6-m/nofp\libc_nano.a(libc_a-strncmp.o)
                              ./Application/App/subghz_phy_app.o (strncmp)
C:/ST/STM32CubeIDE_1.18.1/STM32CubeIDE/plugins/com.st.stm32cube.ide.mcu.externaltools.gnu-tools-for-stm32.13.3.rel1.win32_1.0.0.202411081344/tools/bin/../lib/gcc/arm-none-eabi/13.3.1/../../../../arm-none-eabi/lib/thumb/v6-m/nofp\libc_nano.a(libc_a-closer.o)
                              C:/ST/STM32CubeIDE_1.18.1/STM32CubeIDE/plugins/com.st.stm32cube.ide.mcu.externaltools.gnu-tools-for-stm32.13.3.rel1.win32_1.0.0.202411081344/tools/bin/../lib/gcc/arm-none-eabi/13.3.1/../../../../arm-none-eabi/lib/thumb/v6-m/nofp\libc_nano.a(libc_a-stdio.o) (_close_r)
C:/ST/STM32CubeIDE_1.18.1/STM32CubeIDE/plugins/com.st.stm32cube.ide.mcu.externaltools.gnu-tools-for-stm32.13.3.rel1.win32_1.0.0.202411081344/tools/bin/../lib/gcc/arm-none-eabi/13.3.1/../../../../arm-none-eabi/lib/thumb/v6-m/nofp\libc_nano.a(libc_a-reent.o)
[...]
Memory Configuration

Name             Origin             Length             Attributes
FLASH            0x08000000         0x00030000         xr
RAM              0x20000000         0x00005000         xrw
*default*        0x00000000         0xffffffff

Linker script and memory map

LOAD C:/ST/STM32CubeIDE_1.18.1/STM32CubeIDE/plugins/com.st.stm32cube.ide.mcu.externaltools.gnu-tools-for-stm32.13.3.rel1.win32_1.0.0.202411081344/tools/bin/../lib/gcc/arm-none-eabi/13.3.1/thumb/v6-m/nofp/crti.o
LOAD C:/ST/STM32CubeIDE_1.18.1/STM32CubeIDE/plugins/com.st.stm32cube.ide.mcu.externaltools.gnu-tools-for-stm32.13.3.rel1.win32_1.0.0.202411081344/tools/bin/../lib/gcc/arm-none-eabi/13.3.1/thumb/v6-m/nofp/crtbegin.o
LOAD C:/ST/STM32CubeIDE_1.18.1/STM32CubeIDE/plugins/com.st.stm32cube.ide.mcu.externaltools.gnu-tools-for-stm32.13.3.rel1.win32_1.0.0.202411081344/tools/bin/../lib/gcc/arm-none-eabi/13.3.1/../../../../arm-none-eabi/lib/thumb/v6-m/nofp/crt0.o
LOAD ./Application/App/app_gnss.o
LOAD ./Application/App/app_subghz_phy.o
LOAD ./Application/App/subghz_phy_app.o
LOAD ./Application/Core/dma.o
LOAD ./Application/Core/main.o
LOAD ./Application/Core/rtc.o
LOAD ./Application/Core/rtc_if.o
LOAD ./Application/Core/stm32_lpm_if.o
LOAD ./Application/Core/stm32l0xx_hal_msp.o
LOAD ./Application/Core/stm32l0xx_it.o
LOAD ./Application/Core/sys_app.o
LOAD ./Application/Core/sys_debug.o
LOAD ./Application/Core/usart.o
LOAD ./Application/Core/usart_if.o
LOAD ./Application/SW4STM32/startup_stm32l072xx.o
LOAD ./Application/SW4STM32/syscalls.o
LOAD ./Application/Target/b_l072z_lrwan1_bus.o
LOAD ./Drivers/BSP/B-L072Z-LRWAN1/b-l072z-lrwan1.o
LOAD ./Drivers/BSP/CMWX1ZZABZ_0xx/cmwx1zzabz_0xx.o
LOAD ./Drivers/CMSIS/system_stm32l0xx.o
LOAD ./Drivers/STM32L0xx_HAL_Driver/stm32l0xx_hal.o
LOAD ./Drivers/STM32L0xx_HAL_Driver/stm32l0xx_hal_adc.o
LOAD ./Drivers/STM32L0xx_HAL_Driver/stm32l0xx_hal_adc_ex.o
LOAD ./Drivers/STM32L0xx_HAL_Driver/stm32l0xx_hal_cortex.o
LOAD ./Drivers/STM32L0xx_HAL_Driver/stm32l0xx_hal_dma.o
LOAD ./Drivers/STM32L0xx_HAL_Driver/stm32l0xx_hal_exti.o
LOAD ./Drivers/STM32L0xx_HAL_Driver/stm32l0xx_hal_gpio.o
LOAD ./Drivers/STM32L0xx_HAL_Driver/stm32l0xx_hal_i2c.o
LOAD ./Drivers/STM32L0xx_HAL_Driver/stm32l0xx_hal_pwr.o
LOAD ./Drivers/STM32L0xx_HAL_Driver/stm32l0xx_hal_pwr_ex.o
LOAD ./Drivers/STM32L0xx_HAL_Driver/stm32l0xx_hal_rcc.o
LOAD ./Drivers/STM32L0xx_HAL_Driver/stm32l0xx_hal_rcc_ex.o
LOAD ./Drivers/STM32L0xx_HAL_Driver/stm32l0xx_hal_rtc.o
LOAD ./Drivers/STM32L0xx_HAL_Driver/stm32l0xx_hal_rtc_ex.o
LOAD ./Drivers/STM32L0xx_HAL_Driver/stm32l0xx_hal_spi.o
LOAD ./Drivers/STM32L0xx_HAL_Driver/stm32l0xx_hal_tim.o
LOAD ./Drivers/STM32L0xx_HAL_Driver/stm32l0xx_hal_tim_ex.o
LOAD ./Drivers/STM32L0xx_HAL_Driver/stm32l0xx_hal_uart.o
LOAD ./Drivers/STM32L0xx_HAL_Driver/stm32l0xx_hal_uart_ex.o
LOAD ./Middlewares/SubGHz_Phy/sx1276.o
LOAD ./Utilities/stm32_adv_trace.o
LOAD ./Utilities/stm32_lpm.o
LOAD ./Utilities/stm32_mem.o
LOAD ./Utilities/stm32_seq.o
LOAD ./Utilities/stm32_systime.o
LOAD ./Utilities/stm32_timer.o
LOAD ./Utilities/stm32_tiny_vsnprintf.o
START GROUP
LOAD C:/ST/STM32CubeIDE_1.18.1/STM32CubeIDE/plugins/com.st.stm32cube.ide.mcu.externaltools.gnu-tools-for-stm32.13.3.rel1.win32_1.0.0.202411081344/tools/bin/../lib/gcc/arm-none-eabi/13.3.1/../../../../arm-none-eabi/lib/thumb/v6-m/nofp\libc_nano.a
LOAD C:/ST/STM32CubeIDE_1.18.1/STM32CubeIDE/plugins/com.st.stm32cube.ide.mcu.externaltools.gnu-tools-for-stm32.13.3.rel1.win32_1.0.0.202411081344/tools/bin/../lib/gcc/arm-none-eabi/13.3.1/../../../../arm-none-eabi/lib/thumb/v6-m/nofp\libm.a
END GROUP
START GROUP
LOAD C:/ST/STM32CubeIDE_1.18.1/STM32CubeIDE/plugins/com.st.stm32cube.ide.mcu.externaltools.gnu-tools-for-stm32.13.3.rel1.win32_1.0.0.202411081344/tools/bin/../lib/gcc/arm-none-eabi/13.3.1/thumb/v6-m/nofp\libgcc.a
LOAD C:/ST/STM32CubeIDE_1.18.1/STM32CubeIDE/plugins/com.st.stm32cube.ide.mcu.externaltools.gnu-tools-for-stm32.13.3.rel1.win32_1.0.0.202411081344/tools/bin/../lib/gcc/arm-none-eabi/13.3.1/../../../../arm-none-eabi/lib/thumb/v6-m/nofp\libc_nano.a
END GROUP
START GROUP
LOAD C:/ST/STM32CubeIDE_1.18.1/STM32CubeIDE/plugins/com.st.stm32cube.ide.mcu.externaltools.gnu-tools-for-stm32.13.3.rel1.win32_1.0.0.202411081344/tools/bin/../lib/gcc/arm-none-eabi/13.3.1/thumb/v6-m/nofp\libgcc.a
LOAD C:/ST/STM32CubeIDE_1.18.1/STM32CubeIDE/plugins/com.st.stm32cube.ide.mcu.externaltools.gnu-tools-for-stm32.13.3.rel1.win32_1.0.0.202411081344/tools/bin/../lib/gcc/arm-none-eabi/13.3.1/../../../../arm-none-eabi/lib/thumb/v6-m/nofp\libc_nano.a
LOAD C:/ST/STM32CubeIDE_1.18.1/STM32CubeIDE/plugins/com.st.stm32cube.ide.mcu.externaltools.gnu-tools-for-stm32.13.3.rel1.win32_1.0.0.202411081344/tools/bin/../lib/gcc/arm-none-eabi/13.3.1/../../../../arm-none-eabi/lib/thumb/v6-m/nofp\libnosys.a
END GROUP
START GROUP
LOAD C:/ST/STM32CubeIDE_1.18.1/STM32CubeIDE/plugins/com.st.stm32cube.ide.mcu.externaltools.gnu-tools-for-stm32.13.3.rel1.win32_1.0.0.202411081344/tools/bin/../lib/gcc/arm-none-eabi/13.3.1/thumb/v6-m/nofp\libgcc.a
LOAD C:/ST/STM32CubeIDE_1.18.1/STM32CubeIDE/plugins/com.st.stm32cube.ide.mcu.externaltools.gnu-tools-for-stm32.13.3.rel1.win32_1.0.0.202411081344/tools/bin/../lib/gcc/arm-none-eabi/13.3.1/../../../../arm-none-eabi/lib/thumb/v6-m/nofp\libc_nano.a
LOAD C:/ST/STM32CubeIDE_1.18.1/STM32CubeIDE/plugins/com.st.stm32cube.ide.mcu.externaltools.gnu-tools-for-stm32.13.3.rel1.win32_1.0.0.202411081344/tools/bin/../lib/gcc/arm-none-eabi/13.3.1/../../../../arm-none-eabi/lib/thumb/v6-m/nofp\libnosys.a
END GROUP
LOAD C:/ST/STM32CubeIDE_1.18.1/STM32CubeIDE/plugins/com.st.stm32cube.ide.mcu.externaltools.gnu-tools-for-stm32.13.3.rel1.win32_1.0.0.202411081344/tools/bin/../lib/gcc/arm-none-eabi/13.3.1/thumb/v6-m/nofp/crtend.o
LOAD C:/ST/STM32CubeIDE_1.18.1/STM32CubeIDE/plugins/com.st.stm32cube.ide.mcu.externaltools.gnu-tools-for-stm32.13.3.rel1.win32_1.0.0.202411081344/tools/bin/../lib/gcc/arm-none-eabi/13.3.1/thumb/v6-m/nofp/crtn.o
                0x20005000                        _estack = 0x20005000
                0x00000200                        _Min_Heap_Size = 0x200
                0x00000400                        _Min_Stack_Size = 0x400

.isr_vector     0x08000000       0xc0
                0x08000000                        . = ALIGN (0x4)
 *(.isr_vector)
 .isr_vector    0x08000000       0xc0 ./Application/SW4STM32/startup_stm32l072xx.o
                0x08000000                g_pfnVectors
                0x080000c0                        . = ALIGN (0x4)

.text           0x080000c0     0x6e3c
                0x080000c0                        . = ALIGN (0x4)
 *(.text)
 .text          0x080000c0       0x48 C:/ST/STM32CubeIDE_1.18.1/STM32CubeIDE/plugins/com.st.stm32cube.ide.mcu.externaltools.gnu-tools-for-stm32.13.3.rel1.win32_1.0.0.202411081344/tools/bin/../lib/gcc/arm-none-eabi/13.3.1/thumb/v6-m/nofp/crtbegin.o
 .text          0x08000108        0xe C:/ST/STM32CubeIDE_1.18.1/STM32CubeIDE/plugins/com.st.stm32cube.ide.mcu.externaltools.gnu-tools-for-stm32.13.3.rel1.win32_1.0.0.202411081344/tools/bin/../lib/gcc/arm-none-eabi/13.3.1/../../../../arm-none-eabi/lib/thumb/v6-m/nofp\libc_nano.a(libc_a-strlen.o)
                0x08000108                strlen
 *fill*         0x08000116        0x2 
 .text          0x08000118       0x14 C:/ST/STM32CubeIDE_1.18.1/STM32CubeIDE/plugins/com.st.stm32cube.ide.mcu.externaltools.gnu-tools-for-stm32.13.3.rel1.win32_1.0.0.202411081344/tools/bin/../lib/gcc/arm-none-eabi/13.3.1/thumb/v6-m/nofp\libgcc.a(_thumb1_case_uqi.o)
                0x08000118                __gnu_thumb1_case_uqi
 .text          0x0800012c       0x14 C:/ST/STM32CubeIDE_1.18.1/STM32CubeIDE/plugins/com.st.stm32cube.ide.mcu.externaltools.gnu-tools-for-stm32.13.3.rel1.win32_1.0.0.202411081344/tools/bin/../lib/gcc/arm-none-eabi/13.3.1/thumb/v6-m/nofp\libgcc.a(_thumb1_case_shi.o)
                0x0800012c                __gnu_thumb1_case_shi
 .text          0x08000140      0x114 C:/ST/STM32CubeIDE_1.18.1/STM32CubeIDE/plugins/com.st.stm32cube.ide.mcu.externaltools.gnu-tools-for-stm32.13.3.rel1.win32_1.0.0.202411081344/tools/bin/../lib/gcc/arm-none-eabi/13.3.1/thumb/v6-m/nofp\libgcc.a(_udivsi3.o)
                0x08000140                __aeabi_uidiv
                0x08000140                __udivsi3
                0x0800024c                __aeabi_uidivmod
 .text          0x08000254      0x1d4 C:/ST/STM32CubeIDE_1.18.1/STM32CubeIDE/plugins/com.st.stm32cube.ide.mcu.externaltools.gnu-tools-for-stm32.13.3.rel1.win32_1.0.0.202411081344/tools/bin/../lib/gcc/arm-none-eabi/13.3.1/thumb/v6-m/nofp\libgcc.a(_divsi3.o)
                0x08000254                __divsi3
                0x08000254                __aeabi_idiv
                0x08000420                __aeabi_idivmod
 .text          0x08000428        0x4 C:/ST/STM32CubeIDE_1.18.1/STM32CubeIDE/plugins/com.st.stm32cube.ide.mcu.externaltools.gnu-tools-for-stm32.13.3.rel1.win32_1.0.0.202411081344/tools/bin/../lib/gcc/arm-none-eabi/13.3.1/thumb/v6-m/nofp\libgcc.a(_dvmd_tls.o)
                0x08000428                __aeabi_idiv0
                0x08000428                __aeabi_ldiv0
 .text          0x0800042c       0x40 C:/ST/STM32CubeIDE_1.18.1/STM32CubeIDE/plugins/com.st.stm32cube.ide.mcu.externaltools.gnu-tools-for-stm32.13.3.rel1.win32_1.0.0.202411081344/tools/bin/../lib/gcc/arm-none-eabi/13.3.1/thumb/v6-m/nofp\libgcc.a(_aeabi_uldivmod.o)
                0x0800042c                __aeabi_uldivmod
 .text          0x0800046c       0x5c C:/ST/STM32CubeIDE_1.18.1/STM32CubeIDE/plugins/com.st.stm32cube.ide.mcu.externaltools.gnu-tools-for-stm32.13.3.rel1.win32_1.0.0.202411081344/tools/bin/../lib/gcc/arm-none-eabi/13.3.1/thumb/v6-m/nofp\libgcc.a(_muldi3.o)
                0x0800046c                __muldi3
                0x0800046c                __aeabi_lmul
 .text          0x080004c8      0x198 C:/ST/STM32CubeIDE_1.18.1/STM32CubeIDE/plugins/com.st.stm32cube.ide.mcu.externaltools.gnu-tools-for-stm32.13.3.rel1.win32_1.0.0.202411081344/tools/bin/../lib/gcc/arm-none-eabi/13.3.1/thumb/v6-m/nofp\libgcc.a(_udivmoddi4.o)
                0x080004c8                __udivmoddi4
 .text          0x08000660       0x18 C:/ST/STM32CubeIDE_1.18.1/STM32CubeIDE/plugins/com.st.stm32cube.ide.mcu.externaltools.gnu-tools-for-stm32.13.3.rel1.win32_1.0.0.202411081344/tools/bin/../lib/gcc/arm-none-eabi/13.3.1/thumb/v6-m/nofp\libgcc.a(_clzdi2.o)
                0x08000660                __clzdi2
 .text          0x08000678       0x3c C:/ST/STM32CubeIDE_1.18.1/STM32CubeIDE/plugins/com.st.stm32cube.ide.mcu.externaltools.gnu-tools-for-stm32.13.3.rel1.win32_1.0.0.202411081344/tools/bin/../lib/gcc/arm-none-eabi/13.3.1/thumb/v6-m/nofp\libgcc.a(_clzsi2.o)
                0x08000678                __clzsi2
 *(.text*)
 .text.MX_GNSS_Init
                0x080006b4       0x12 ./Application/App/app_gnss.o
                0x080006b4                MX_GNSS_Init
 .text.MX_SubGHz_Phy_Init
                0x080006c6        0xc ./Application/App/app_subghz_phy.o
                0x080006c6                MX_SubGHz_Phy_Init
 .text.MX_SubGHz_Phy_Process
                0x080006d2        0xc ./Application/App/app_subghz_phy.o
                0x080006d2                MX_SubGHz_Phy_Process
 *fill*         0x080006de        0x2 
 .text.OnledEvent
                0x080006e0       0x1c ./Application/App/subghz_phy_app.o
 .text.OnRxDone
                0x080006fc       0xbc ./Application/App/subghz_phy_app.o
 .text.OnRxError.part.0
                0x080007b8        0xc ./Application/App/subghz_phy_app.o
 .text.OnRxError
                0x080007c4       0x24 ./Application/App/subghz_phy_app.o
 .text.OnRxTimeout
                0x080007e8       0x24 ./Application/App/subghz_phy_app.o
 .text.OnTxTimeout
                0x0800080c       0x24 ./Application/App/subghz_phy_app.o
 .text.OnTxDone
                0x08000830       0x24 ./Application/App/subghz_phy_app.o
 .text.SubghzApp_Init
                0x08000854      0x194 ./Application/App/subghz_phy_app.o
                0x08000854                SubghzApp_Init
 .text.get_gps_position
                0x080009e8       0x38 ./Application/App/subghz_phy_app.o
                0x080009e8                get_gps_position
 .text.Master   0x08000a20       0xc8 ./Application/App/subghz_phy_app.o
 .text.MX_DMA_Init
                0x08000ae8       0x2c ./Application/Core/dma.o
                0x08000ae8                MX_DMA_Init
 .text.SystemClock_Config
                0x08000b14       0x94 ./Application/Core/main.o
                0x08000b14                SystemClock_Config
 .text.startup.main
                0x08000ba8       0xa8 ./Application/Core/main.o
                0x08000ba8                main
 .text.Error_Handler
                0x08000c50        0x4 ./Application/Core/main.o
                0x08000c50                Error_Handler
 .text.MX_RTC_Init
                0x08000c54       0xc0 ./Application/Core/rtc.o
                0x08000c54                MX_RTC_Init
 .text.HAL_RTC_MspInit
                0x08000d14       0x58 ./Application/Core/rtc.o
                0x08000d14                HAL_RTC_MspInit
 .text.RTC_IF_GetTimerContext
                0x08000d6c        0xc ./Application/Core/rtc_if.o
                0x08000d6c                RTC_IF_GetTimerContext
 .text.RTC_IF_GetMinimumTimeout
                0x08000d78        0x4 ./Application/Core/rtc_if.o
                0x08000d78                RTC_IF_GetMinimumTimeout
 .text.RTC_IF_Convert_ms2Tick
                0x08000d7c       0x10 ./Application/Core/rtc_if.o
                0x08000d7c                RTC_IF_Convert_ms2Tick
 .text.RTC_IF_Convert_Tick2ms
                0x08000d8c       0x14 ./Application/Core/rtc_if.o
                0x08000d8c                RTC_IF_Convert_Tick2ms
 .text.RTC_IF_StopTimer
                0x08000da0       0x24 ./Application/Core/rtc_if.o
                0x08000da0                RTC_IF_StopTimer
 .text.RTC_GetCalendarValue
                0x08000dc4       0xb4 ./Application/Core/rtc_if.o
 .text.RTC_IF_SetTimerContext
                0x08000e78       0x1c ./Application/Core/rtc_if.o
                0x08000e78                RTC_IF_SetTimerContext
 .text.RTC_IF_GetTimerElapsedTime
                0x08000e94       0x18 ./Application/Core/rtc_if.o
                0x08000e94                RTC_IF_GetTimerElapsedTime
 .text.RTC_IF_StartTimer
                0x08000eac      0x138 ./Application/Core/rtc_if.o
                0x08000eac                RTC_IF_StartTimer
 .text.RTC_IF_GetTime
                0x08000fe4       0x28 ./Application/Core/rtc_if.o
                0x08000fe4                RTC_IF_GetTime
 .text.RTC_IF_BkUp_Write_Seconds
                0x0800100c       0x14 ./Application/Core/rtc_if.o
                0x0800100c                RTC_IF_BkUp_Write_Seconds
 .text.RTC_IF_BkUp_Write_SubSeconds
                0x08001020       0x14 ./Application/Core/rtc_if.o
                0x08001020                RTC_IF_BkUp_Write_SubSeconds
 .text.RTC_IF_BkUp_Read_Seconds
                0x08001034       0x10 ./Application/Core/rtc_if.o
                0x08001034                RTC_IF_BkUp_Read_Seconds
 .text.RTC_IF_BkUp_Read_SubSeconds
                0x08001044       0x10 ./Application/Core/rtc_if.o
                0x08001044                RTC_IF_BkUp_Read_SubSeconds
 .text.RTC_IF_Init
                0x08001054       0x50 ./Application/Core/rtc_if.o
                0x08001054                RTC_IF_Init
 .text.RTC_IF_GetTimerValue
                0x080010a4       0x1c ./Application/Core/rtc_if.o
                0x080010a4                RTC_IF_GetTimerValue
 .text.RTC_IF_DelayMs
                0x080010c0       0x26 ./Application/Core/rtc_if.o
                0x080010c0                RTC_IF_DelayMs
 .text.HAL_RTC_AlarmAEventCallback
                0x080010e6        0x8 ./Application/Core/rtc_if.o
                0x080010e6                HAL_RTC_AlarmAEventCallback
 .text.PWR_EnterOffMode
                0x080010ee        0x2 ./Application/Core/stm32_lpm_if.o
                0x080010ee                PWR_EnterOffMode
 .text.PWR_EnterStopMode
                0x080010f0       0x28 ./Application/Core/stm32_lpm_if.o
                0x080010f0                PWR_EnterStopMode
 .text.PWR_ExitStopMode
                0x08001118       0x50 ./Application/Core/stm32_lpm_if.o
                0x08001118                PWR_ExitStopMode
 .text.PWR_EnterSleepMode
                0x08001168        0xc ./Application/Core/stm32_lpm_if.o
                0x08001168                PWR_EnterSleepMode
 .text.PWR_ExitSleepMode
                0x08001174        0x2 ./Application/Core/stm32_lpm_if.o
                0x08001174                PWR_ExitSleepMode
 .text.PWR_ExitOffMode
                0x08001176        0x2 ./Application/Core/stm32_lpm_if.o
                0x08001176                PWR_ExitOffMode
 .text.HAL_MspInit
                0x08001178       0x30 ./Application/Core/stm32l0xx_hal_msp.o
                0x08001178                HAL_MspInit
 .text.NMI_Handler
                0x080011a8        0x2 ./Application/Core/stm32l0xx_it.o
                0x080011a8                NMI_Handler
 .text.HardFault_Handler
                0x080011aa        0x2 ./Application/Core/stm32l0xx_it.o
                0x080011aa                HardFault_Handler
 .text.SVC_Handler
                0x080011ac        0x2 ./Application/Core/stm32l0xx_it.o
                0x080011ac                SVC_Handler
 .text.PendSV_Handler
                0x080011ae        0x2 ./Application/Core/stm32l0xx_it.o
                0x080011ae                PendSV_Handler
 .text.SysTick_Handler
                0x080011b0        0x8 ./Application/Core/stm32l0xx_it.o
                0x080011b0                SysTick_Handler
 .text.EXTI0_1_IRQHandler
                0x080011b8       0x18 ./Application/Core/stm32l0xx_it.o
                0x080011b8                EXTI0_1_IRQHandler
 .text.EXTI2_3_IRQHandler
                0x080011d0        0x2 ./Application/Core/stm32l0xx_it.o
                0x080011d0                EXTI2_3_IRQHandler
 *fill*         0x080011d2        0x2 
 .text.EXTI4_15_IRQHandler
                0x080011d4       0x18 ./Application/Core/stm32l0xx_it.o
                0x080011d4                EXTI4_15_IRQHandler
 .text.DMA1_Channel4_5_6_7_IRQHandler
                0x080011ec       0x10 ./Application/Core/stm32l0xx_it.o
                0x080011ec                DMA1_Channel4_5_6_7_IRQHandler
 .text.USART2_IRQHandler
                0x080011fc       0x10 ./Application/Core/stm32l0xx_it.o
                0x080011fc                USART2_IRQHandler
 .text.RTC_IRQHandler
                0x0800120c       0x10 ./Application/Core/stm32l0xx_it.o
                0x0800120c                RTC_IRQHandler
 .text.tiny_snprintf_like.constprop.0
                0x0800121c       0x1c ./Application/Core/sys_app.o
 .text.TimestampNow
                0x08001238       0x30 ./Application/Core/sys_app.o
 .text.SystemApp_Init
                0x08001268       0xe8 ./Application/Core/sys_app.o
                0x08001268                SystemApp_Init
 .text.UTIL_SEQ_Idle
                0x08001350        0x8 ./Application/Core/sys_app.o
                0x08001350                UTIL_SEQ_Idle
 .text.UTIL_ADV_TRACE_PreSendHook
                0x08001358        0xc ./Application/Core/sys_app.o
                0x08001358                UTIL_ADV_TRACE_PreSendHook
 .text.UTIL_ADV_TRACE_PostSendHook
                0x08001364        0xc ./Application/Core/sys_app.o
                0x08001364                UTIL_ADV_TRACE_PostSendHook
 .text.HAL_InitTick
                0x08001370        0x4 ./Application/Core/sys_app.o
                0x08001370                HAL_InitTick
 .text.HAL_GetTick
                0x08001374        0x8 ./Application/Core/sys_app.o
                0x08001374                HAL_GetTick
 .text.HAL_Delay
                0x0800137c        0xc ./Application/Core/sys_app.o
                0x0800137c                HAL_Delay
 .text.DBG_ConfigForLpm
                0x08001388       0x2c ./Application/Core/sys_debug.o
                0x08001388                DBG_ConfigForLpm
 .text.DBG_Disable
                0x080013b4       0x44 ./Application/Core/sys_debug.o
                0x080013b4                DBG_Disable
 .text.DBG_ProbesInit
                0x080013f8        0x2 ./Application/Core/sys_debug.o
                0x080013f8                DBG_ProbesInit
 *fill*         0x080013fa        0x2 
 .text.MX_USART2_UART_Init
                0x080013fc       0x34 ./Application/Core/usart.o
                0x080013fc                MX_USART2_UART_Init
 .text.HAL_UART_MspInit
                0x08001430      0x108 ./Application/Core/usart.o
                0x08001430                HAL_UART_MspInit
 .text.HAL_UART_MspDeInit
                0x08001538       0x3c ./Application/Core/usart.o
                0x08001538                HAL_UART_MspDeInit
 .text.vcom_Init
                0x08001574       0x18 ./Application/Core/usart_if.o
                0x08001574                vcom_Init
 .text.vcom_DeInit
                0x0800158c       0x34 ./Application/Core/usart_if.o
                0x0800158c                vcom_DeInit
 .text.vcom_Trace_DMA
                0x080015c0       0x18 ./Application/Core/usart_if.o
                0x080015c0                vcom_Trace_DMA
 .text.vcom_ReceiveInit
                0x080015d8       0x50 ./Application/Core/usart_if.o
                0x080015d8                vcom_ReceiveInit
 .text.HAL_UART_TxCpltCallback
                0x08001628       0x10 ./Application/Core/usart_if.o
                0x08001628                HAL_UART_TxCpltCallback
 .text.HAL_UART_RxCpltCallback
                0x08001638       0x30 ./Application/Core/usart_if.o
                0x08001638                HAL_UART_RxCpltCallback
 .text.Reset_Handler
                0x08001668       0x50 ./Application/SW4STM32/startup_stm32l072xx.o
                0x08001668                Reset_Handler
 .text.Default_Handler
                0x080016b8        0x2 ./Application/SW4STM32/startup_stm32l072xx.o
                0x080016b8                TSC_IRQHandler
                0x080016b8                ADC1_COMP_IRQHandler
                0x080016b8                PVD_IRQHandler
                0x080016b8                I2C1_IRQHandler
                0x080016b8                RCC_CRS_IRQHandler
                0x080016b8                SPI1_IRQHandler
                0x080016b8                TIM6_DAC_IRQHandler
                0x080016b8                I2C2_IRQHandler
                0x080016b8                TIM3_IRQHandler
                0x080016b8                DMA1_Channel1_IRQHandler
                0x080016b8                USART4_5_IRQHandler
                0x080016b8                Default_Handler
                0x080016b8                TIM22_IRQHandler
                0x080016b8                TIM7_IRQHandler
                0x080016b8                USB_IRQHandler
                0x080016b8                I2C3_IRQHandler
                0x080016b8                SPI2_IRQHandler
                0x080016b8                TIM21_IRQHandler
                0x080016b8                WWDG_IRQHandler
                0x080016b8                TIM2_IRQHandler
                0x080016b8                DMA1_Channel2_3_IRQHandler
                0x080016b8                FLASH_IRQHandler
                0x080016b8                USART1_IRQHandler
                0x080016b8                RNG_LPUART1_IRQHandler
                0x080016b8                LPTIM1_IRQHandler
 *fill*         0x080016ba        0x2 
 .text._sbrk    0x080016bc       0x34 ./Application/SW4STM32/syscalls.o
                0x080016bc                _sbrk
 .text.BSP_SPI1_SendRecv
                0x080016f0       0x2c ./Application/Target/b_l072z_lrwan1_bus.o
                0x080016f0                BSP_SPI1_SendRecv
 .text.MX_SPI1_Init
                0x0800171c       0x60 ./Application/Target/b_l072z_lrwan1_bus.o
                0x0800171c                MX_SPI1_Init
 .text.BSP_SPI1_Init
                0x0800177c       0x80 ./Application/Target/b_l072z_lrwan1_bus.o
                0x0800177c                BSP_SPI1_Init
 .text.BSP_LED_Init
                0x080017fc       0x84 ./Drivers/BSP/B-L072Z-LRWAN1/b-l072z-lrwan1.o
                0x080017fc                BSP_LED_Init
 .text.BSP_LED_Toggle
                0x08001880       0x1c ./Drivers/BSP/B-L072Z-LRWAN1/b-l072z-lrwan1.o
                0x08001880                BSP_LED_Toggle
 .text.CMWX1ZZABZ0XX_RADIO_GetWakeUpTime
                0x0800189c        0x4 ./Drivers/BSP/CMWX1ZZABZ_0xx/cmwx1zzabz_0xx.o
                0x0800189c                CMWX1ZZABZ0XX_RADIO_GetWakeUpTime
 .text.CMWX1ZZABZ0XX_RADIO_SetXO
                0x080018a0       0x2c ./Drivers/BSP/CMWX1ZZABZ_0xx/cmwx1zzabz_0xx.o
                0x080018a0                CMWX1ZZABZ0XX_RADIO_SetXO
 .text.CMWX1ZZABZ0XX_RADIO_IoInit
                0x080018cc      0x1b0 ./Drivers/BSP/CMWX1ZZABZ_0xx/cmwx1zzabz_0xx.o
                0x080018cc                CMWX1ZZABZ0XX_RADIO_IoInit
 .text.CMWX1ZZABZ0XX_RADIO_IoDeInit
                0x08001a7c       0xac ./Drivers/BSP/CMWX1ZZABZ_0xx/cmwx1zzabz_0xx.o
                0x08001a7c                CMWX1ZZABZ0XX_RADIO_IoDeInit
 .text.CMWX1ZZABZ0XX_RADIO_IoIrqInit
                0x08001b28       0x5c ./Drivers/BSP/CMWX1ZZABZ_0xx/cmwx1zzabz_0xx.o
                0x08001b28                CMWX1ZZABZ0XX_RADIO_IoIrqInit
 .text.CMWX1ZZABZ0XX_RADIO_GetPaSelect
                0x08001b84        0x4 ./Drivers/BSP/CMWX1ZZABZ_0xx/cmwx1zzabz_0xx.o
                0x08001b84                CMWX1ZZABZ0XX_RADIO_GetPaSelect
 .text.CMWX1ZZABZ0XX_RADIO_SetAntSw
                0x08001b88       0x4c ./Drivers/BSP/CMWX1ZZABZ_0xx/cmwx1zzabz_0xx.o
                0x08001b88                CMWX1ZZABZ0XX_RADIO_SetAntSw
 .text.CMWX1ZZABZ0XX_RADIO_CheckRfFrequency
                0x08001bd4        0x4 ./Drivers/BSP/CMWX1ZZABZ_0xx/cmwx1zzabz_0xx.o
                0x08001bd4                CMWX1ZZABZ0XX_RADIO_CheckRfFrequency
 .text.CMWX1ZZABZ0XX_RADIO_Reset
                0x08001bd8       0x4c ./Drivers/BSP/CMWX1ZZABZ_0xx/cmwx1zzabz_0xx.o
                0x08001bd8                CMWX1ZZABZ0XX_RADIO_Reset
 .text.CMWX1ZZABZ0XX_RADIO_Bus_Init
                0x08001c24        0x8 ./Drivers/BSP/CMWX1ZZABZ_0xx/cmwx1zzabz_0xx.o
                0x08001c24                CMWX1ZZABZ0XX_RADIO_Bus_Init
 .text.CMWX1ZZABZ0XX_RADIO_SendRecv
                0x08001c2c       0x1c ./Drivers/BSP/CMWX1ZZABZ_0xx/cmwx1zzabz_0xx.o
                0x08001c2c                CMWX1ZZABZ0XX_RADIO_SendRecv
 .text.CMWX1ZZABZ0XX_RADIO_ChipSelect
                0x08001c48       0x1a ./Drivers/BSP/CMWX1ZZABZ_0xx/cmwx1zzabz_0xx.o
                0x08001c48                CMWX1ZZABZ0XX_RADIO_ChipSelect
 *fill*         0x08001c62        0x2 
 .text.CMWX1ZZABZ0XX_RADIO_GetDio1PinState
                0x08001c64       0x10 ./Drivers/BSP/CMWX1ZZABZ_0xx/cmwx1zzabz_0xx.o
                0x08001c64                CMWX1ZZABZ0XX_RADIO_GetDio1PinState
 .text.SystemInit
                0x08001c74       0x5c ./Drivers/CMSIS/system_stm32l0xx.o
                0x08001c74                SystemInit
 .text.HAL_Init
                0x08001cd0       0x28 ./Drivers/STM32L0xx_HAL_Driver/stm32l0xx_hal.o
                0x08001cd0                HAL_Init
 .text.HAL_IncTick
                0x08001cf8       0x18 ./Drivers/STM32L0xx_HAL_Driver/stm32l0xx_hal.o
                0x08001cf8                HAL_IncTick
 .text.HAL_DBGMCU_DisableDBGSleepMode
                0x08001d10       0x10 ./Drivers/STM32L0xx_HAL_Driver/stm32l0xx_hal.o
                0x08001d10                HAL_DBGMCU_DisableDBGSleepMode
 .text.HAL_DBGMCU_DisableDBGStopMode
                0x08001d20       0x10 ./Drivers/STM32L0xx_HAL_Driver/stm32l0xx_hal.o
                0x08001d20                HAL_DBGMCU_DisableDBGStopMode
 .text.HAL_DBGMCU_DisableDBGStandbyMode
                0x08001d30       0x10 ./Drivers/STM32L0xx_HAL_Driver/stm32l0xx_hal.o
                0x08001d30                HAL_DBGMCU_DisableDBGStandbyMode
 .text.HAL_NVIC_SetPriority
                0x08001d40       0x54 ./Drivers/STM32L0xx_HAL_Driver/stm32l0xx_hal_cortex.o
                0x08001d40                HAL_NVIC_SetPriority
 .text.HAL_NVIC_EnableIRQ
                0x08001d94       0x18 ./Drivers/STM32L0xx_HAL_Driver/stm32l0xx_hal_cortex.o
                0x08001d94                HAL_NVIC_EnableIRQ
 .text.HAL_NVIC_DisableIRQ
                0x08001dac       0x20 ./Drivers/STM32L0xx_HAL_Driver/stm32l0xx_hal_cortex.o
                0x08001dac                HAL_NVIC_DisableIRQ
 .text.HAL_DMA_Init
                0x08001dcc       0x88 ./Drivers/STM32L0xx_HAL_Driver/stm32l0xx_hal_dma.o
                0x08001dcc                HAL_DMA_Init
 .text.HAL_DMA_DeInit
                0x08001e54       0x60 ./Drivers/STM32L0xx_HAL_Driver/stm32l0xx_hal_dma.o
                0x08001e54                HAL_DMA_DeInit
 .text.HAL_DMA_Start_IT
                0x08001eb4       0x7c ./Drivers/STM32L0xx_HAL_Driver/stm32l0xx_hal_dma.o
                0x08001eb4                HAL_DMA_Start_IT
 .text.HAL_DMA_Abort
                0x08001f30       0x40 ./Drivers/STM32L0xx_HAL_Driver/stm32l0xx_hal_dma.o
                0x08001f30                HAL_DMA_Abort
 .text.HAL_DMA_Abort_IT
                0x08001f70       0x46 ./Drivers/STM32L0xx_HAL_Driver/stm32l0xx_hal_dma.o
                0x08001f70                HAL_DMA_Abort_IT
 .text.HAL_DMA_IRQHandler
                0x08001fb6       0x96 ./Drivers/STM32L0xx_HAL_Driver/stm32l0xx_hal_dma.o
                0x08001fb6                HAL_DMA_IRQHandler
 .text.HAL_EXTI_RegisterCallback
                0x0800204c        0xe ./Drivers/STM32L0xx_HAL_Driver/stm32l0xx_hal_exti.o
                0x0800204c                HAL_EXTI_RegisterCallback
 .text.HAL_EXTI_GetHandle
                0x0800205a        0xe ./Drivers/STM32L0xx_HAL_Driver/stm32l0xx_hal_exti.o
                0x0800205a                HAL_EXTI_GetHandle
 .text.HAL_EXTI_IRQHandler
                0x08002068       0x24 ./Drivers/STM32L0xx_HAL_Driver/stm32l0xx_hal_exti.o
                0x08002068                HAL_EXTI_IRQHandler
 .text.HAL_GPIO_Init
                0x0800208c      0x180 ./Drivers/STM32L0xx_HAL_Driver/stm32l0xx_hal_gpio.o
                0x0800208c                HAL_GPIO_Init
 .text.HAL_GPIO_DeInit
                0x0800220c       0xf8 ./Drivers/STM32L0xx_HAL_Driver/stm32l0xx_hal_gpio.o
                0x0800220c                HAL_GPIO_DeInit
 .text.HAL_GPIO_ReadPin
                0x08002304        0xc ./Drivers/STM32L0xx_HAL_Driver/stm32l0xx_hal_gpio.o
                0x08002304                HAL_GPIO_ReadPin
 .text.HAL_GPIO_WritePin
                0x08002310        0xc ./Drivers/STM32L0xx_HAL_Driver/stm32l0xx_hal_gpio.o
                0x08002310                HAL_GPIO_WritePin
 .text.HAL_GPIO_TogglePin
                0x0800231c       0x10 ./Drivers/STM32L0xx_HAL_Driver/stm32l0xx_hal_gpio.o
                0x0800231c                HAL_GPIO_TogglePin
 .text.HAL_PWR_DisablePVD
                0x0800232c       0x10 ./Drivers/STM32L0xx_HAL_Driver/stm32l0xx_hal_pwr.o
                0x0800232c                HAL_PWR_DisablePVD
 .text.HAL_PWR_EnterSLEEPMode
                0x0800233c       0x70 ./Drivers/STM32L0xx_HAL_Driver/stm32l0xx_hal_pwr.o
                0x0800233c                HAL_PWR_EnterSLEEPMode
 .text.HAL_PWR_EnterSTOPMode
                0x080023ac       0x78 ./Drivers/STM32L0xx_HAL_Driver/stm32l0xx_hal_pwr.o
                0x080023ac                HAL_PWR_EnterSTOPMode
 .text.HAL_PWREx_EnableFastWakeUp
                0x08002424       0x14 ./Drivers/STM32L0xx_HAL_Driver/stm32l0xx_hal_pwr_ex.o
                0x08002424                HAL_PWREx_EnableFastWakeUp
 .text.HAL_PWREx_EnableUltraLowPower
                0x08002438       0x14 ./Drivers/STM32L0xx_HAL_Driver/stm32l0xx_hal_pwr_ex.o
                0x08002438                HAL_PWREx_EnableUltraLowPower
 .text.HAL_RCC_GetSysClockFreq
                0x0800244c       0x94 ./Drivers/STM32L0xx_HAL_Driver/stm32l0xx_hal_rcc.o
                0x0800244c                HAL_RCC_GetSysClockFreq
 .text.HAL_RCC_OscConfig
                0x080024e0      0x514 ./Drivers/STM32L0xx_HAL_Driver/stm32l0xx_hal_rcc.o
                0x080024e0                HAL_RCC_OscConfig
 .text.HAL_RCC_ClockConfig
                0x080029f4      0x19c ./Drivers/STM32L0xx_HAL_Driver/stm32l0xx_hal_rcc.o
                0x080029f4                HAL_RCC_ClockConfig
 .text.HAL_RCC_GetPCLK1Freq
                0x08002b90       0x20 ./Drivers/STM32L0xx_HAL_Driver/stm32l0xx_hal_rcc.o
                0x08002b90                HAL_RCC_GetPCLK1Freq
 .text.HAL_RCC_GetPCLK2Freq
                0x08002bb0       0x20 ./Drivers/STM32L0xx_HAL_Driver/stm32l0xx_hal_rcc.o
                0x08002bb0                HAL_RCC_GetPCLK2Freq
 .text.HAL_RCCEx_PeriphCLKConfig
                0x08002bd0      0x1b8 ./Drivers/STM32L0xx_HAL_Driver/stm32l0xx_hal_rcc_ex.o
                0x08002bd0                HAL_RCCEx_PeriphCLKConfig
 .text.HAL_RTC_DeactivateAlarm
                0x08002d88       0xbc ./Drivers/STM32L0xx_HAL_Driver/stm32l0xx_hal_rtc.o
                0x08002d88                HAL_RTC_DeactivateAlarm
 .text.HAL_RTC_AlarmIRQHandler
                0x08002e44       0x5c ./Drivers/STM32L0xx_HAL_Driver/stm32l0xx_hal_rtc.o
                0x08002e44                HAL_RTC_AlarmIRQHandler
 .text.HAL_RTC_WaitForSynchro
                0x08002ea0       0x34 ./Drivers/STM32L0xx_HAL_Driver/stm32l0xx_hal_rtc.o
                0x08002ea0                HAL_RTC_WaitForSynchro
 .text.RTC_EnterInitMode
                0x08002ed4       0x48 ./Drivers/STM32L0xx_HAL_Driver/stm32l0xx_hal_rtc.o
                0x08002ed4                RTC_EnterInitMode
 .text.RTC_ExitInitMode
                0x08002f1c       0x2a ./Drivers/STM32L0xx_HAL_Driver/stm32l0xx_hal_rtc.o
                0x08002f1c                RTC_ExitInitMode
 *fill*         0x08002f46        0x2 
 .text.HAL_RTC_Init
                0x08002f48       0x9c ./Drivers/STM32L0xx_HAL_Driver/stm32l0xx_hal_rtc.o
                0x08002f48                HAL_RTC_Init
 .text.RTC_ByteToBcd2
                0x08002fe4       0x16 ./Drivers/STM32L0xx_HAL_Driver/stm32l0xx_hal_rtc.o
                0x08002fe4                RTC_ByteToBcd2
 *fill*         0x08002ffa        0x2 
 .text.HAL_RTC_SetTime
                0x08002ffc       0xcc ./Drivers/STM32L0xx_HAL_Driver/stm32l0xx_hal_rtc.o
                0x08002ffc                HAL_RTC_SetTime
 .text.HAL_RTC_SetDate
                0x080030c8       0xa4 ./Drivers/STM32L0xx_HAL_Driver/stm32l0xx_hal_rtc.o
                0x080030c8                HAL_RTC_SetDate
 .text.HAL_RTC_SetAlarm_IT
                0x0800316c      0x1a0 ./Drivers/STM32L0xx_HAL_Driver/stm32l0xx_hal_rtc.o
                0x0800316c                HAL_RTC_SetAlarm_IT
 .text.RTC_Bcd2ToByte
                0x0800330c       0x12 ./Drivers/STM32L0xx_HAL_Driver/stm32l0xx_hal_rtc.o
                0x0800330c                RTC_Bcd2ToByte
 *fill*         0x0800331e        0x2 
 .text.HAL_RTC_GetTime
                0x08003320       0x50 ./Drivers/STM32L0xx_HAL_Driver/stm32l0xx_hal_rtc.o
                0x08003320                HAL_RTC_GetTime
 .text.HAL_RTC_GetDate
                0x08003370       0x44 ./Drivers/STM32L0xx_HAL_Driver/stm32l0xx_hal_rtc.o
                0x08003370                HAL_RTC_GetDate
 .text.HAL_RTCEx_BKUPWrite
                0x080033b4        0xc ./Drivers/STM32L0xx_HAL_Driver/stm32l0xx_hal_rtc_ex.o
                0x080033b4                HAL_RTCEx_BKUPWrite
 .text.HAL_RTCEx_BKUPRead
                0x080033c0        0xc ./Drivers/STM32L0xx_HAL_Driver/stm32l0xx_hal_rtc_ex.o
                0x080033c0                HAL_RTCEx_BKUPRead
 .text.HAL_RTCEx_EnableBypassShadow
                0x080033cc       0x34 ./Drivers/STM32L0xx_HAL_Driver/stm32l0xx_hal_rtc_ex.o
                0x080033cc                HAL_RTCEx_EnableBypassShadow
 .text.HAL_RTCEx_AlarmBEventCallback
                0x08003400        0x2 ./Drivers/STM32L0xx_HAL_Driver/stm32l0xx_hal_rtc_ex.o
                0x08003400                HAL_RTCEx_AlarmBEventCallback
 *fill*         0x08003402        0x2 
 .text.SPI_WaitFlagStateUntilTimeout
                0x08003404       0xc4 ./Drivers/STM32L0xx_HAL_Driver/stm32l0xx_hal_spi.o
 .text.SPI_EndRxTxTransaction
                0x080034c8       0x68 ./Drivers/STM32L0xx_HAL_Driver/stm32l0xx_hal_spi.o
 .text.HAL_SPI_MspInit
                0x08003530        0x2 ./Drivers/STM32L0xx_HAL_Driver/stm32l0xx_hal_spi.o
                0x08003530                HAL_SPI_MspInit
 *fill*         0x08003532        0x2 
 .text.HAL_SPI_Init
                0x08003534       0xd0 ./Drivers/STM32L0xx_HAL_Driver/stm32l0xx_hal_spi.o
                0x08003534                HAL_SPI_Init
 .text.HAL_SPI_TransmitReceive
                0x08003604      0x2ac ./Drivers/STM32L0xx_HAL_Driver/stm32l0xx_hal_spi.o
                0x08003604                HAL_SPI_TransmitReceive
 .text.HAL_SPI_GetState
                0x080038b0        0x8 ./Drivers/STM32L0xx_HAL_Driver/stm32l0xx_hal_spi.o
                0x080038b0                HAL_SPI_GetState
 .text.UART_EndRxTransfer
                0x080038b8       0x5c ./Drivers/STM32L0xx_HAL_Driver/stm32l0xx_hal_uart.o
 .text.HAL_UART_Transmit_DMA
                0x08003914       0x9c ./Drivers/STM32L0xx_HAL_Driver/stm32l0xx_hal_uart.o
                0x08003914                HAL_UART_Transmit_DMA
 .text.UART_DMATransmitCplt
                0x080039b0       0x50 ./Drivers/STM32L0xx_HAL_Driver/stm32l0xx_hal_uart.o
 .text.HAL_UART_TxHalfCpltCallback
                0x08003a00        0x2 ./Drivers/STM32L0xx_HAL_Driver/stm32l0xx_hal_uart.o
                0x08003a00                HAL_UART_TxHalfCpltCallback
 .text.UART_DMATxHalfCplt
                0x08003a02        0xa ./Drivers/STM32L0xx_HAL_Driver/stm32l0xx_hal_uart.o
 .text.HAL_UART_ErrorCallback
                0x08003a0c        0x2 ./Drivers/STM32L0xx_HAL_Driver/stm32l0xx_hal_uart.o
                0x08003a0c                HAL_UART_ErrorCallback
 .text.UART_DMAError
                0x08003a0e       0x68 ./Drivers/STM32L0xx_HAL_Driver/stm32l0xx_hal_uart.o
 .text.UART_DMAAbortOnError
                0x08003a76       0x16 ./Drivers/STM32L0xx_HAL_Driver/stm32l0xx_hal_uart.o
 .text.HAL_UARTEx_RxEventCallback
                0x08003a8c        0x2 ./Drivers/STM32L0xx_HAL_Driver/stm32l0xx_hal_uart.o
                0x08003a8c                HAL_UARTEx_RxEventCallback
 *fill*         0x08003a8e        0x2 
 .text.HAL_UART_IRQHandler
                0x08003a90      0x2c8 ./Drivers/STM32L0xx_HAL_Driver/stm32l0xx_hal_uart.o
                0x08003a90                HAL_UART_IRQHandler
 .text.UART_RxISR_8BIT
                0x08003d58       0xe0 ./Drivers/STM32L0xx_HAL_Driver/stm32l0xx_hal_uart.o
 .text.UART_RxISR_16BIT
                0x08003e38       0xdc ./Drivers/STM32L0xx_HAL_Driver/stm32l0xx_hal_uart.o
 .text.UART_SetConfig
                0x08003f14      0x208 ./Drivers/STM32L0xx_HAL_Driver/stm32l0xx_hal_uart.o
                0x08003f14                UART_SetConfig
 .text.UART_AdvFeatureConfig
                0x0800411c       0xd0 ./Drivers/STM32L0xx_HAL_Driver/stm32l0xx_hal_uart.o
                0x0800411c                UART_AdvFeatureConfig
 .text.UART_WaitOnFlagUntilTimeout
                0x080041ec       0x86 ./Drivers/STM32L0xx_HAL_Driver/stm32l0xx_hal_uart.o
                0x080041ec                UART_WaitOnFlagUntilTimeout
 *fill*         0x08004272        0x2 
 .text.UART_CheckIdleState
                0x08004274       0xc0 ./Drivers/STM32L0xx_HAL_Driver/stm32l0xx_hal_uart.o
                0x08004274                UART_CheckIdleState
 .text.HAL_UART_Init
                0x08004334       0x64 ./Drivers/STM32L0xx_HAL_Driver/stm32l0xx_hal_uart.o
                0x08004334                HAL_UART_Init
 .text.UART_Start_Receive_IT
                0x08004398       0xc4 ./Drivers/STM32L0xx_HAL_Driver/stm32l0xx_hal_uart.o
                0x08004398                UART_Start_Receive_IT
 .text.HAL_UART_Receive_IT
                0x0800445c       0x68 ./Drivers/STM32L0xx_HAL_Driver/stm32l0xx_hal_uart.o
                0x0800445c                HAL_UART_Receive_IT
 .text.HAL_UARTEx_WakeupCallback
                0x080044c4        0x2 ./Drivers/STM32L0xx_HAL_Driver/stm32l0xx_hal_uart_ex.o
                0x080044c4                HAL_UARTEx_WakeupCallback
 *fill*         0x080044c6        0x2 
 .text.HAL_UARTEx_StopModeWakeUpSourceConfig
                0x080044c8       0x8c ./Drivers/STM32L0xx_HAL_Driver/stm32l0xx_hal_uart_ex.o
                0x080044c8                HAL_UARTEx_StopModeWakeUpSourceConfig
 .text.HAL_UARTEx_EnableStopMode
                0x08004554       0x30 ./Drivers/STM32L0xx_HAL_Driver/stm32l0xx_hal_uart_ex.o
                0x08004554                HAL_UARTEx_EnableStopMode
 .text.SX1276GetStatus
                0x08004584        0xc ./Middlewares/SubGHz_Phy/sx1276.o
                0x08004584                SX1276GetStatus
 .text.GetFskBandwidthRegValue
                0x08004590       0x2c ./Middlewares/SubGHz_Phy/sx1276.o
 .text.SX1276GetTimeOnAir
                0x080045bc       0xec ./Middlewares/SubGHz_Phy/sx1276.o
                0x080045bc                SX1276GetTimeOnAir
 .text.SX1276GetWakeupTime
                0x080046a8        0xa ./Middlewares/SubGHz_Phy/sx1276.o
                0x080046a8                SX1276GetWakeupTime
 .text.SX1276WriteBuffer
                0x080046b2       0x30 ./Middlewares/SubGHz_Phy/sx1276.o
                0x080046b2                SX1276WriteBuffer
 .text.SX1276Write
                0x080046e2       0x12 ./Middlewares/SubGHz_Phy/sx1276.o
                0x080046e2                SX1276Write
 .text.SX1276SetChannel
                0x080046f4       0x54 ./Middlewares/SubGHz_Phy/sx1276.o
                0x080046f4                SX1276SetChannel
 .text.SX1276ReadBuffer
                0x08004748       0x30 ./Middlewares/SubGHz_Phy/sx1276.o
                0x08004748                SX1276ReadBuffer
 .text.SX1276Read
                0x08004778       0x12 ./Middlewares/SubGHz_Phy/sx1276.o
                0x08004778                SX1276Read
 *fill*         0x0800478a        0x2 
 .text.SX1276OnDio2Irq
                0x0800478c       0xc0 ./Middlewares/SubGHz_Phy/sx1276.o
 .text.SX1276OnDio4Irq
                0x0800484c       0x1c ./Middlewares/SubGHz_Phy/sx1276.o
 .text.SX1276OnDio3Irq
                0x08004868       0x54 ./Middlewares/SubGHz_Phy/sx1276.o
 .text.SX1276SetOpMode.part.0
                0x080048bc       0x56 ./Middlewares/SubGHz_Phy/sx1276.o
 *fill*         0x08004912        0x2 
 .text.SX1276SetStby
                0x08004914       0x38 ./Middlewares/SubGHz_Phy/sx1276.o
                0x08004914                SX1276SetStby
 .text.SX1276SetRx
                0x0800494c      0x214 ./Middlewares/SubGHz_Phy/sx1276.o
                0x0800494c                SX1276SetRx
 .text.SX1276StartCad
                0x08004b60       0x34 ./Middlewares/SubGHz_Phy/sx1276.o
                0x08004b60                SX1276StartCad
 .text.SX1276ReadRssi
                0x08004b94       0x44 ./Middlewares/SubGHz_Phy/sx1276.o
                0x08004b94                SX1276ReadRssi
 .text.SX1276SetOpMode.constprop.0
                0x08004bd8       0x20 ./Middlewares/SubGHz_Phy/sx1276.o
 .text.SX1276SetModem
                0x08004bf8       0x6c ./Middlewares/SubGHz_Phy/sx1276.o
                0x08004bf8                SX1276SetModem
 .text.SX1276SetMaxPayloadLength
                0x08004c64       0x30 ./Middlewares/SubGHz_Phy/sx1276.o
                0x08004c64                SX1276SetMaxPayloadLength
 .text.SX1276SetPublicNetwork
                0x08004c94       0x24 ./Middlewares/SubGHz_Phy/sx1276.o
                0x08004c94                SX1276SetPublicNetwork
 .text.SX1276SetRxConfig
                0x08004cb8      0x2d8 ./Middlewares/SubGHz_Phy/sx1276.o
                0x08004cb8                SX1276SetRxConfig
 .text.SX1276SetSleep
                0x08004f90       0x3c ./Middlewares/SubGHz_Phy/sx1276.o
                0x08004f90                SX1276SetSleep
 .text.SX1276IsChannelFree
                0x08004fcc       0x66 ./Middlewares/SubGHz_Phy/sx1276.o
                0x08004fcc                SX1276IsChannelFree
 .text.SX1276Random
                0x08005032       0x3c ./Middlewares/SubGHz_Phy/sx1276.o
                0x08005032                SX1276Random
 *fill*         0x0800506e        0x2 
 .text.SX1276SetTxConfig
                0x08005070      0x330 ./Middlewares/SubGHz_Phy/sx1276.o
                0x08005070                SX1276SetTxConfig
 .text.SX1276SetTxContinuousWave
                0x080053a0       0x80 ./Middlewares/SubGHz_Phy/sx1276.o
                0x080053a0                SX1276SetTxContinuousWave
 .text.RxChainCalibration
                0x08005420       0x98 ./Middlewares/SubGHz_Phy/sx1276.o
 .text.SX1276Init
                0x080054b8       0x9c ./Middlewares/SubGHz_Phy/sx1276.o
                0x080054b8                SX1276Init
 .text.SX1276OnTimeoutIrq
                0x08005554       0xb8 ./Middlewares/SubGHz_Phy/sx1276.o
 .text.SX1276OnDio0Irq
                0x0800560c      0x250 ./Middlewares/SubGHz_Phy/sx1276.o
 .text.SX1276Send
                0x0800585c      0x194 ./Middlewares/SubGHz_Phy/sx1276.o
                0x0800585c                SX1276Send
 .text.SX1276OnDio1Irq
                0x080059f0       0xf8 ./Middlewares/SubGHz_Phy/sx1276.o
 .text.TRACE_AllocateBufer
                0x08005ae8       0x68 ./Utilities/stm32_adv_trace.o
 .text.TRACE_Lock
                0x08005b50       0x18 ./Utilities/stm32_adv_trace.o
 .text.TRACE_UnLock
                0x08005b68       0x18 ./Utilities/stm32_adv_trace.o
 .text.UTIL_ADV_TRACE_Init
                0x08005b80       0x34 ./Utilities/stm32_adv_trace.o
                0x08005b80                UTIL_ADV_TRACE_Init
 .text.UTIL_ADV_TRACE_RegisterTimeStampFunction
                0x08005bb4        0xc ./Utilities/stm32_adv_trace.o
                0x08005bb4                UTIL_ADV_TRACE_RegisterTimeStampFunction
 .text.UTIL_ADV_TRACE_SetVerboseLevel
                0x08005bc0        0xc ./Utilities/stm32_adv_trace.o
                0x08005bc0                UTIL_ADV_TRACE_SetVerboseLevel
 .text.TRACE_Send
                0x08005bcc       0x84 ./Utilities/stm32_adv_trace.o
 .text.UTIL_ADV_TRACE_COND_FSend
                0x08005c50       0xc8 ./Utilities/stm32_adv_trace.o
                0x08005c50                UTIL_ADV_TRACE_COND_FSend
 .text.TRACE_TxCpltCallback
                0x08005d18       0x94 ./Utilities/stm32_adv_trace.o
 .text.UTIL_LPM_Init
                0x08005dac       0x10 ./Utilities/stm32_lpm.o
                0x08005dac                UTIL_LPM_Init
 .text.UTIL_LPM_SetStopMode
                0x08005dbc       0x2c ./Utilities/stm32_lpm.o
                0x08005dbc                UTIL_LPM_SetStopMode
 .text.UTIL_LPM_SetOffMode
                0x08005de8       0x2c ./Utilities/stm32_lpm.o
                0x08005de8                UTIL_LPM_SetOffMode
 .text.UTIL_LPM_GetMode
                0x08005e14       0x24 ./Utilities/stm32_lpm.o
                0x08005e14                UTIL_LPM_GetMode
 .text.UTIL_LPM_EnterLowPower
                0x08005e38       0x40 ./Utilities/stm32_lpm.o
                0x08005e38                UTIL_LPM_EnterLowPower
 .text.UTIL_MEM_cpy_8
                0x08005e78       0x12 ./Utilities/stm32_mem.o
                0x08005e78                UTIL_MEM_cpy_8
 *fill*         0x08005e8a        0x2 
 .text.UTIL_MEM_set_8
                0x08005e8c       0x18 ./Utilities/stm32_mem.o
                0x08005e8c                UTIL_MEM_set_8
 .text.UTIL_SEQ_SetTask
                0x08005ea4       0x24 ./Utilities/stm32_seq.o
                0x08005ea4                UTIL_SEQ_SetTask
 .text.UTIL_SEQ_PreIdle
                0x08005ec8        0x2 ./Utilities/stm32_seq.o
                0x08005ec8                UTIL_SEQ_PreIdle
 .text.UTIL_SEQ_PostIdle
                0x08005eca        0x2 ./Utilities/stm32_seq.o
                0x08005eca                UTIL_SEQ_PostIdle
 .text.SEQ_BitPosition
                0x08005ecc       0x40 ./Utilities/stm32_seq.o
                0x08005ecc                SEQ_BitPosition
 .text.UTIL_SEQ_Run
                0x08005f0c       0xcc ./Utilities/stm32_seq.o
                0x08005f0c                UTIL_SEQ_Run
 .text.UTIL_SEQ_RegTask
                0x08005fd8       0x20 ./Utilities/stm32_seq.o
                0x08005fd8                UTIL_SEQ_RegTask
 .text.SysTimeGet
                0x08005ff8       0x50 ./Utilities/stm32_systime.o
                0x08005ff8                SysTimeGet
 .text.UTIL_TIMER_Init
                0x08006048       0x18 ./Utilities/stm32_timer.o
                0x08006048                UTIL_TIMER_Init
 .text.UTIL_TIMER_Create
                0x08006060       0x38 ./Utilities/stm32_timer.o
                0x08006060                UTIL_TIMER_Create
 .text.UTIL_TIMER_GetCurrentTime
                0x08006098       0x14 ./Utilities/stm32_timer.o
                0x08006098                UTIL_TIMER_GetCurrentTime
 .text.UTIL_TIMER_GetElapsedTime
                0x080060ac       0x20 ./Utilities/stm32_timer.o
                0x080060ac                UTIL_TIMER_GetElapsedTime
 .text.TimerExists
                0x080060cc       0x1c ./Utilities/stm32_timer.o
                0x080060cc                TimerExists
 .text.TimerSetTimeout
                0x080060e8       0x34 ./Utilities/stm32_timer.o
                0x080060e8                TimerSetTimeout
 .text.UTIL_TIMER_Stop
                0x0800611c       0x60 ./Utilities/stm32_timer.o
                0x0800611c                UTIL_TIMER_Stop
 .text.TimerInsertTimer
                0x0800617c       0x2c ./Utilities/stm32_timer.o
                0x0800617c                TimerInsertTimer
 .text.TimerInsertNewHeadTimer
                0x080061a8       0x1c ./Utilities/stm32_timer.o
                0x080061a8                TimerInsertNewHeadTimer
 .text.UTIL_TIMER_Start
                0x080061c4       0x7c ./Utilities/stm32_timer.o
                0x080061c4                UTIL_TIMER_Start
 .text.UTIL_TIMER_SetPeriod
                0x08006240       0x38 ./Utilities/stm32_timer.o
                0x08006240                UTIL_TIMER_SetPeriod
 .text.UTIL_TIMER_IRQ_Handler
                0x08006278       0x84 ./Utilities/stm32_timer.o
                0x08006278                UTIL_TIMER_IRQ_Handler
 .text.tiny_vsnprintf_like
                0x080062fc      0x268 ./Utilities/stm32_tiny_vsnprintf.o
                0x080062fc                tiny_vsnprintf_like
 .text.snprintf
                0x08006564       0x6c C:/ST/STM32CubeIDE_1.18.1/STM32CubeIDE/plugins/com.st.stm32cube.ide.mcu.externaltools.gnu-tools-for-stm32.13.3.rel1.win32_1.0.0.202411081344/tools/bin/../lib/gcc/arm-none-eabi/13.3.1/../../../../arm-none-eabi/lib/thumb/v6-m/nofp\libc_nano.a(libc_a-snprintf.o)
                0x08006564                sniprintf
                0x08006564                snprintf
 .text.memcmp   0x080065d0       0x1c C:/ST/STM32CubeIDE_1.18.1/STM32CubeIDE/plugins/com.st.stm32cube.ide.mcu.externaltools.gnu-tools-for-stm32.13.3.rel1.win32_1.0.0.202411081344/tools/bin/../lib/gcc/arm-none-eabi/13.3.1/../../../../arm-none-eabi/lib/thumb/v6-m/nofp\libc_nano.a(libc_a-memcmp.o)
                0x080065d0                memcmp
 .text.memset   0x080065ec       0x10 C:/ST/STM32CubeIDE_1.18.1/STM32CubeIDE/plugins/com.st.stm32cube.ide.mcu.externaltools.gnu-tools-for-stm32.13.3.rel1.win32_1.0.0.202411081344/tools/bin/../lib/gcc/arm-none-eabi/13.3.1/../../../../arm-none-eabi/lib/thumb/v6-m/nofp\libc_nano.a(libc_a-memset.o)
                0x080065ec                memset
 .text.__errno  0x080065fc        0xc C:/ST/STM32CubeIDE_1.18.1/STM32CubeIDE/plugins/com.st.stm32cube.ide.mcu.externaltools.gnu-tools-for-stm32.13.3.rel1.win32_1.0.0.202411081344/tools/bin/../lib/gcc/arm-none-eabi/13.3.1/../../../../arm-none-eabi/lib/thumb/v6-m/nofp\libc_nano.a(libc_a-errno.o)
                0x080065fc                __errno
 .text.__libc_init_array
                0x08006608       0x48 C:/ST/STM32CubeIDE_1.18.1/STM32CubeIDE/plugins/com.st.stm32cube.ide.mcu.externaltools.gnu-tools-for-stm32.13.3.rel1.win32_1.0.0.202411081344/tools/bin/../lib/gcc/arm-none-eabi/13.3.1/../../../../arm-none-eabi/lib/thumb/v6-m/nofp\libc_nano.a(libc_a-init.o)
                0x08006608                __libc_init_array
 .text.__retarget_lock_acquire_recursive
                0x08006650        0x2 C:/ST/STM32CubeIDE_1.18.1/STM32CubeIDE/plugins/com.st.stm32cube.ide.mcu.externaltools.gnu-tools-for-stm32.13.3.rel1.win32_1.0.0.202411081344/tools/bin/../lib/gcc/arm-none-eabi/13.3.1/../../../../arm-none-eabi/lib/thumb/v6-m/nofp\libc_nano.a(libc_a-lock.o)
                0x08006650                __retarget_lock_acquire_recursive
 .text.__retarget_lock_release_recursive
                0x08006652        0x2 C:/ST/STM32CubeIDE_1.18.1/STM32CubeIDE/plugins/com.st.stm32cube.ide.mcu.externaltools.gnu-tools-for-stm32.13.3.rel1.win32_1.0.0.202411081344/tools/bin/../lib/gcc/arm-none-eabi/13.3.1/../../../../arm-none-eabi/lib/thumb/v6-m/nofp\libc_nano.a(libc_a-lock.o)
                0x08006652                __retarget_lock_release_recursive
 .text.memcpy   0x08006654       0x12 C:/ST/STM32CubeIDE_1.18.1/STM32CubeIDE/plugins/com.st.stm32cube.ide.mcu.externaltools.gnu-tools-for-stm32.13.3.rel1.win32_1.0.0.202411081344/tools/bin/../lib/gcc/arm-none-eabi/13.3.1/../../../../arm-none-eabi/lib/thumb/v6-m/nofp\libc_nano.a(libc_a-memcpy-stub.o)
                0x08006654                memcpy
 *fill*         0x08006666        0x2 
 .text._free_r  0x08006668       0x94 C:/ST/STM32CubeIDE_1.18.1/STM32CubeIDE/plugins/com.st.stm32cube.ide.mcu.externaltools.gnu-tools-for-stm32.13.3.rel1.win32_1.0.0.202411081344/tools/bin/../lib/gcc/arm-none-eabi/13.3.1/../../../../arm-none-eabi/lib/thumb/v6-m/nofp\libc_nano.a(libc_a-freer.o)
                0x08006668                _free_r
 .text.sbrk_aligned
                0x080066fc       0x44 C:/ST/STM32CubeIDE_1.18.1/STM32CubeIDE/plugins/com.st.stm32cube.ide.mcu.externaltools.gnu-tools-for-stm32.13.3.rel1.win32_1.0.0.202411081344/tools/bin/../lib/gcc/arm-none-eabi/13.3.1/../../../../arm-none-eabi/lib/thumb/v6-m/nofp\libc_nano.a(libc_a-mallocr.o)
 .text._malloc_r
                0x08006740      0x100 C:/ST/STM32CubeIDE_1.18.1/STM32CubeIDE/plugins/com.st.stm32cube.ide.mcu.externaltools.gnu-tools-for-stm32.13.3.rel1.win32_1.0.0.202411081344/tools/bin/../lib/gcc/arm-none-eabi/13.3.1/../../../../arm-none-eabi/lib/thumb/v6-m/nofp\libc_nano.a(libc_a-mallocr.o)
                0x08006740                _malloc_r
 .text.__malloc_lock
                0x08006840       0x10 C:/ST/STM32CubeIDE_1.18.1/STM32CubeIDE/plugins/com.st.stm32cube.ide.mcu.externaltools.gnu-tools-for-stm32.13.3.rel1.win32_1.0.0.202411081344/tools/bin/../lib/gcc/arm-none-eabi/13.3.1/../../../../arm-none-eabi/lib/thumb/v6-m/nofp\libc_nano.a(libc_a-mlock.o)
                0x08006840                __malloc_lock
 .text.__malloc_unlock
                0x08006850       0x10 C:/ST/STM32CubeIDE_1.18.1/STM32CubeIDE/plugins/com.st.stm32cube.ide.mcu.externaltools.gnu-tools-for-stm32.13.3.rel1.win32_1.0.0.202411081344/tools/bin/../lib/gcc/arm-none-eabi/13.3.1/../../../../arm-none-eabi/lib/thumb/v6-m/nofp\libc_nano.a(libc_a-mlock.o)
                0x08006850                __malloc_unlock
 .text.__ssputs_r
                0x08006860       0xc0 C:/ST/STM32CubeIDE_1.18.1/STM32CubeIDE/plugins/com.st.stm32cube.ide.mcu.externaltools.gnu-tools-for-stm32.13.3.rel1.win32_1.0.0.202411081344/tools/bin/../lib/gcc/arm-none-eabi/13.3.1/../../../../arm-none-eabi/lib/thumb/v6-m/nofp\libc_nano.a(libc_a-nano-svfprintf.o)
                0x08006860                __ssputs_r
 .text._svfprintf_r
                0x08006920      0x1fc C:/ST/STM32CubeIDE_1.18.1/STM32CubeIDE/plugins/com.st.stm32cube.ide.mcu.externaltools.gnu-tools-for-stm32.13.3.rel1.win32_1.0.0.202411081344/tools/bin/../lib/gcc/arm-none-eabi/13.3.1/../../../../arm-none-eabi/lib/thumb/v6-m/nofp\libc_nano.a(libc_a-nano-svfprintf.o)
                0x08006920                _svfiprintf_r
                0x08006920                _svfprintf_r
 .text._printf_common
                0x08006b1c       0xde C:/ST/STM32CubeIDE_1.18.1/STM32CubeIDE/plugins/com.st.stm32cube.ide.mcu.externaltools.gnu-tools-for-stm32.13.3.rel1.win32_1.0.0.202411081344/tools/bin/../lib/gcc/arm-none-eabi/13.3.1/../../../../arm-none-eabi/lib/thumb/v6-m/nofp\libc_nano.a(libc_a-nano-vfprintf_i.o)
                0x08006b1c                _printf_common
 *fill*         0x08006bfa        0x2 
 .text._printf_i
                0x08006bfc      0x218 C:/ST/STM32CubeIDE_1.18.1/STM32CubeIDE/plugins/com.st.stm32cube.ide.mcu.externaltools.gnu-tools-for-stm32.13.3.rel1.win32_1.0.0.202411081344/tools/bin/../lib/gcc/arm-none-eabi/13.3.1/../../../../arm-none-eabi/lib/thumb/v6-m/nofp\libc_nano.a(libc_a-nano-vfprintf_i.o)
                0x08006bfc                _printf_i
 .text.memmove  0x08006e14       0x24 C:/ST/STM32CubeIDE_1.18.1/STM32CubeIDE/plugins/com.st.stm32cube.ide.mcu.externaltools.gnu-tools-for-stm32.13.3.rel1.win32_1.0.0.202411081344/tools/bin/../lib/gcc/arm-none-eabi/13.3.1/../../../../arm-none-eabi/lib/thumb/v6-m/nofp\libc_nano.a(libc_a-memmove.o)
                0x08006e14                memmove
 .text._sbrk_r  0x08006e38       0x24 C:/ST/STM32CubeIDE_1.18.1/STM32CubeIDE/plugins/com.st.stm32cube.ide.mcu.externaltools.gnu-tools-for-stm32.13.3.rel1.win32_1.0.0.202411081344/tools/bin/../lib/gcc/arm-none-eabi/13.3.1/../../../../arm-none-eabi/lib/thumb/v6-m/nofp\libc_nano.a(libc_a-sbrkr.o)
                0x08006e38                _sbrk_r
 .text.memchr   0x08006e5c       0x16 C:/ST/STM32CubeIDE_1.18.1/STM32CubeIDE/plugins/com.st.stm32cube.ide.mcu.externaltools.gnu-tools-for-stm32.13.3.rel1.win32_1.0.0.202411081344/tools/bin/../lib/gcc/arm-none-eabi/13.3.1/../../../../arm-none-eabi/lib/thumb/v6-m/nofp\libc_nano.a(libc_a-memchr-stub.o)
                0x08006e5c                memchr
 .text._realloc_r
                0x08006e72       0x60 C:/ST/STM32CubeIDE_1.18.1/STM32CubeIDE/plugins/com.st.stm32cube.ide.mcu.externaltools.gnu-tools-for-stm32.13.3.rel1.win32_1.0.0.202411081344/tools/bin/../lib/gcc/arm-none-eabi/13.3.1/../../../../arm-none-eabi/lib/thumb/v6-m/nofp\libc_nano.a(libc_a-reallocr.o)
                0x08006e72                _realloc_r
 .text._malloc_usable_size_r
                0x08006ed2       0x10 C:/ST/STM32CubeIDE_1.18.1/STM32CubeIDE/plugins/com.st.stm32cube.ide.mcu.externaltools.gnu-tools-for-stm32.13.3.rel1.win32_1.0.0.202411081344/tools/bin/../lib/gcc/arm-none-eabi/13.3.1/../../../../arm-none-eabi/lib/thumb/v6-m/nofp\libc_nano.a(libc_a-msizer.o)
                0x08006ed2                _malloc_usable_size_r
 *(.glue_7)
 .glue_7        0x08006ee2        0x0 linker stubs
 *(.glue_7t)
 .glue_7t       0x08006ee2        0x0 linker stubs
 *(.eh_frame)
 *fill*         0x08006ee2        0x2 
 .eh_frame      0x08006ee4        0x0 C:/ST/STM32CubeIDE_1.18.1/STM32CubeIDE/plugins/com.st.stm32cube.ide.mcu.externaltools.gnu-tools-for-stm32.13.3.rel1.win32_1.0.0.202411081344/tools/bin/../lib/gcc/arm-none-eabi/13.3.1/thumb/v6-m/nofp/crtbegin.o
 *(.init)
 .init          0x08006ee4        0x4 C:/ST/STM32CubeIDE_1.18.1/STM32CubeIDE/plugins/com.st.stm32cube.ide.mcu.externaltools.gnu-tools-for-stm32.13.3.rel1.win32_1.0.0.202411081344/tools/bin/../lib/gcc/arm-none-eabi/13.3.1/thumb/v6-m/nofp/crti.o
                0x08006ee4                _init
 .init          0x08006ee8        0x8 C:/ST/STM32CubeIDE_1.18.1/STM32CubeIDE/plugins/com.st.stm32cube.ide.mcu.externaltools.gnu-tools-for-stm32.13.3.rel1.win32_1.0.0.202411081344/tools/bin/../lib/gcc/arm-none-eabi/13.3.1/thumb/v6-m/nofp/crtn.o
 *(.fini)
 .fini          0x08006ef0        0x4 C:/ST/STM32CubeIDE_1.18.1/STM32CubeIDE/plugins/com.st.stm32cube.ide.mcu.externaltools.gnu-tools-for-stm32.13.3.rel1.win32_1.0.0.202411081344/tools/bin/../lib/gcc/arm-none-eabi/13.3.1/thumb/v6-m/nofp/crti.o
                0x08006ef0                _fini
 .fini          0x08006ef4        0x8 C:/ST/STM32CubeIDE_1.18.1/STM32CubeIDE/plugins/com.st.stm32cube.ide.mcu.externaltools.gnu-tools-for-stm32.13.3.rel1.win32_1.0.0.202411081344/tools/bin/../lib/gcc/arm-none-eabi/13.3.1/thumb/v6-m/nofp/crtn.o
                0x08006efc                        . = ALIGN (0x4)
                0x08006efc                        _etext = .

.vfp11_veneer   0x08006efc        0x0
 .vfp11_veneer  0x08006efc        0x0 linker stubs

.v4_bx          0x08006efc        0x0
 .v4_bx         0x08006efc        0x0 linker stubs

.iplt           0x08006efc        0x0
 .iplt          0x08006efc        0x0 C:/ST/STM32CubeIDE_1.18.1/STM32CubeIDE/plugins/com.st.stm32cube.ide.mcu.externaltools.gnu-tools-for-stm32.13.3.rel1.win32_1.0.0.202411081344/tools/bin/../lib/gcc/arm-none-eabi/13.3.1/thumb/v6-m/nofp/crtbegin.o

.rodata         0x08006efc      0x52c
                0x08006efc                        . = ALIGN (0x4)
 *(.rodata)
 .rodata        0x08006efc       0x58 ./Application/Core/rtc_if.o
                0x08006f14                UTIL_SYSTIMDriver
                0x08006f28                UTIL_TimerDriver
 .rodata        0x08006f54       0x18 ./Application/Core/stm32_lpm_if.o
                0x08006f54                UTIL_PowerDriver
 .rodata        0x08006f6c       0x10 ./Application/Core/usart_if.o
                0x08006f6c                UTIL_TraceDriver
 .rodata        0x08006f7c       0x20 ./Application/Target/b_l072z_lrwan1_bus.o
 .rodata        0x08006f9c        0xc ./Drivers/BSP/B-L072Z-LRWAN1/b-l072z-lrwan1.o
                0x08006f9c                LED_PIN
                0x08006fa4                BUTTON_IRQn
                0x08006fa6                BUTTON_PIN
 .rodata        0x08006fa8       0x24 ./Drivers/BSP/CMWX1ZZABZ_0xx/cmwx1zzabz_0xx.o
 .rodata        0x08006fcc       0x21 ./Drivers/CMSIS/system_stm32l0xx.o
                0x08006fcc                PLLMulTable
                0x08006fd5                AHBPrescTable
                0x08006fe5                APBPrescTable
 *fill*         0x08006fed        0x3 
 .rodata        0x08006ff0      0x158 ./Middlewares/SubGHz_Phy/sx1276.o
                0x08006ffc                RadioRegsInit
                0x0800702c                FskBandwidths
                0x080070dc                Radio
 .rodata        0x08007148       0x10 ./Utilities/stm32_seq.o
 *(.rodata*)
 .rodata.str1.1
                0x08007158      0x2cc ./Application/App/subghz_phy_app.o
                                0x242 (size before relaxing)
 .rodata.str1.1
                0x08007424        0x9 ./Application/Core/sys_app.o
 .rodata.cst1   0x08007424        0x1 ./Middlewares/SubGHz_Phy/sx1276.o
 .rodata.str1.1
                0x08007425       0x51 ./Utilities/stm32_tiny_vsnprintf.o
 .rodata._svfprintf_r.str1.1
                0x08007425       0x11 C:/ST/STM32CubeIDE_1.18.1/STM32CubeIDE/plugins/com.st.stm32cube.ide.mcu.externaltools.gnu-tools-for-stm32.13.3.rel1.win32_1.0.0.202411081344/tools/bin/../lib/gcc/arm-none-eabi/13.3.1/../../../../arm-none-eabi/lib/thumb/v6-m/nofp\libc_nano.a(libc_a-nano-svfprintf.o)
 .rodata._printf_i.str1.1
                0x08007425       0x22 C:/ST/STM32CubeIDE_1.18.1/STM32CubeIDE/plugins/com.st.stm32cube.ide.mcu.externaltools.gnu-tools-for-stm32.13.3.rel1.win32_1.0.0.202411081344/tools/bin/../lib/gcc/arm-none-eabi/13.3.1/../../../../arm-none-eabi/lib/thumb/v6-m/nofp\libc_nano.a(libc_a-nano-vfprintf_i.o)
                0x08007478                        . = ALIGN (0x4)
 *fill*         0x08007425        0x3 

.ARM.extab
 *(.ARM.extab* .gnu.linkonce.armextab.*)

.ARM            0x08007428        0x8
                0x08007428                        __exidx_start = .
 *(.ARM.exidx*)
 .ARM.exidx     0x08007428        0x8 C:/ST/STM32CubeIDE_1.18.1/STM32CubeIDE/plugins/com.st.stm32cube.ide.mcu.externaltools.gnu-tools-for-stm32.13.3.rel1.win32_1.0.0.202411081344/tools/bin/../lib/gcc/arm-none-eabi/13.3.1/thumb/v6-m/nofp\libgcc.a(_udivmoddi4.o)
                0x08007430                        __exidx_end = .

.rel.dyn        0x08007430        0x0
 .rel.iplt      0x08007430        0x0 C:/ST/STM32CubeIDE_1.18.1/STM32CubeIDE/plugins/com.st.stm32cube.ide.mcu.externaltools.gnu-tools-for-stm32.13.3.rel1.win32_1.0.0.202411081344/tools/bin/../lib/gcc/arm-none-eabi/13.3.1/thumb/v6-m/nofp/crtbegin.o

.preinit_array  0x08007430        0x0
                0x08007430                        PROVIDE (__preinit_array_start = .)
 *(.preinit_array*)
                0x08007430                        PROVIDE (__preinit_array_end = .)

.init_array     0x08007430        0x4
                0x08007430                        PROVIDE (__init_array_start = .)
 *(SORT_BY_NAME(.init_array.*))
 *(.init_array*)
 .init_array    0x08007430        0x4 C:/ST/STM32CubeIDE_1.18.1/STM32CubeIDE/plugins/com.st.stm32cube.ide.mcu.externaltools.gnu-tools-for-stm32.13.3.rel1.win32_1.0.0.202411081344/tools/bin/../lib/gcc/arm-none-eabi/13.3.1/thumb/v6-m/nofp/crtbegin.o
                0x08007434                        PROVIDE (__init_array_end = .)

.fini_array     0x08007434        0x4
                [!provide]                        PROVIDE (__fini_array_start = .)
 *(SORT_BY_NAME(.fini_array.*))
 *(.fini_array*)
 .fini_array    0x08007434        0x4 C:/ST/STM32CubeIDE_1.18.1/STM32CubeIDE/plugins/com.st.stm32cube.ide.mcu.externaltools.gnu-tools-for-stm32.13.3.rel1.win32_1.0.0.202411081344/tools/bin/../lib/gcc/arm-none-eabi/13.3.1/thumb/v6-m/nofp/crtbegin.o
                [!provide]                        PROVIDE (__fini_array_end = .)
                0x08007438                        _sidata = LOADADDR (.data)

.data           0x20000000       0x90 load address 0x08007438
                0x20000000                        . = ALIGN (0x4)
                0x20000000                        _sdata = .
 *(.data)
 .data          0x20000000       0x14 ./Drivers/BSP/B-L072Z-LRWAN1/b-l072z-lrwan1.o
                0x20000000                LED_PORT
                0x20000010                BUTTON_PORT
 .data          0x20000014        0x4 ./Drivers/CMSIS/system_stm32l0xx.o
                0x20000014                SystemCoreClock
 .data          0x20000018        0x8 ./Drivers/STM32L0xx_HAL_Driver/stm32l0xx_hal.o
                0x20000018                uwTickFreq
                0x2000001c                uwTickPrio
 .data          0x20000020       0x18 ./Middlewares/SubGHz_Phy/sx1276.o
                0x20000020                DioIrq
 .data          0x20000038        0x8 ./Utilities/stm32_seq.o
 *(.data*)
 .data._impure_ptr
                0x20000040        0x4 C:/ST/STM32CubeIDE_1.18.1/STM32CubeIDE/plugins/com.st.stm32cube.ide.mcu.externaltools.gnu-tools-for-stm32.13.3.rel1.win32_1.0.0.202411081344/tools/bin/../lib/gcc/arm-none-eabi/13.3.1/../../../../arm-none-eabi/lib/thumb/v6-m/nofp\libc_nano.a(libc_a-impure.o)
                0x20000040                _impure_ptr
 .data._impure_data
                0x20000044       0x4c C:/ST/STM32CubeIDE_1.18.1/STM32CubeIDE/plugins/com.st.stm32cube.ide.mcu.externaltools.gnu-tools-for-stm32.13.3.rel1.win32_1.0.0.202411081344/tools/bin/../lib/gcc/arm-none-eabi/13.3.1/../../../../arm-none-eabi/lib/thumb/v6-m/nofp\libc_nano.a(libc_a-impure.o)
                0x20000044                _impure_data
                0x20000090                        . = ALIGN (0x4)
                0x20000090                        _edata = .

.igot.plt       0x20000090        0x0 load address 0x080074c8
 .igot.plt      0x20000090        0x0 C:/ST/STM32CubeIDE_1.18.1/STM32CubeIDE/plugins/com.st.stm32cube.ide.mcu.externaltools.gnu-tools-for-stm32.13.3.rel1.win32_1.0.0.202411081344/tools/bin/../lib/gcc/arm-none-eabi/13.3.1/thumb/v6-m/nofp/crtbegin.o
                0x20000090                        . = ALIGN (0x4)

.bss            0x20000090      0xae8 load address 0x080074c8
                0x20000090                        _sbss = .
                0x20000090                        __bss_start__ = _sbss
 *(.bss)
 .bss           0x20000090       0x1c C:/ST/STM32CubeIDE_1.18.1/STM32CubeIDE/plugins/com.st.stm32cube.ide.mcu.externaltools.gnu-tools-for-stm32.13.3.rel1.win32_1.0.0.202411081344/tools/bin/../lib/gcc/arm-none-eabi/13.3.1/thumb/v6-m/nofp/crtbegin.o
 .bss           0x200000ac      0x23e ./Application/App/subghz_phy_app.o
                0x200000c6                RxBufferSize
                0x200000c8                SnrValue
                0x200000c9                RssiValue
 *fill*         0x200002ea        0x2 
 .bss           0x200002ec       0x24 ./Application/Core/rtc.o
                0x200002ec                hrtc
 .bss           0x20000310       0x45 ./Application/Core/rtc_if.o
 *fill*         0x20000355        0x3 
 .bss           0x20000358       0xd0 ./Application/Core/usart.o
                0x20000358                hdma_usart2_tx
                0x200003a0                huart2
 .bss           0x20000428        0x9 ./Application/Core/usart_if.o
                0x20000430                charRx
 *fill*         0x20000431        0x3 
 .bss           0x20000434        0x8 ./Application/SW4STM32/syscalls.o
                0x20000438                __env
 .bss           0x2000043c       0x58 ./Application/Target/b_l072z_lrwan1_bus.o
                0x2000043c                hspi1
 .bss           0x20000494       0x20 ./Drivers/BSP/CMWX1ZZABZ_0xx/cmwx1zzabz_0xx.o
                0x20000494                hRADIO_DIO_exti
 .bss           0x200004b4        0x4 ./Drivers/STM32L0xx_HAL_Driver/stm32l0xx_hal.o
                0x200004b4                uwTick
 .bss           0x200004b8      0x1b4 ./Middlewares/SubGHz_Phy/sx1276.o
                0x200004b8                SX1276
                0x20000520                RxTimeoutSyncWord
                0x2000053c                RxTimeoutTimer
                0x20000554                TxTimeoutTimer
 .bss           0x2000066c      0x318 ./Utilities/stm32_adv_trace.o
 .bss           0x20000984        0x8 ./Utilities/stm32_lpm.o
 .bss           0x2000098c       0xa0 ./Utilities/stm32_seq.o
 .bss           0x20000a2c        0x4 ./Utilities/stm32_timer.o
 *(.bss*)
 .bss.__sf      0x20000a30      0x138 C:/ST/STM32CubeIDE_1.18.1/STM32CubeIDE/plugins/com.st.stm32cube.ide.mcu.externaltools.gnu-tools-for-stm32.13.3.rel1.win32_1.0.0.202411081344/tools/bin/../lib/gcc/arm-none-eabi/13.3.1/../../../../arm-none-eabi/lib/thumb/v6-m/nofp\libc_nano.a(libc_a-findfp.o)
                0x20000a30                __sf
 .bss.errno     0x20000b68        0x4 C:/ST/STM32CubeIDE_1.18.1/STM32CubeIDE/plugins/com.st.stm32cube.ide.mcu.externaltools.gnu-tools-for-stm32.13.3.rel1.win32_1.0.0.202411081344/tools/bin/../lib/gcc/arm-none-eabi/13.3.1/../../../../arm-none-eabi/lib/thumb/v6-m/nofp\libc_nano.a(libc_a-reent.o)
                0x20000b68                errno
 .bss.__lock___malloc_recursive_mutex
                0x20000b6c        0x1 C:/ST/STM32CubeIDE_1.18.1/STM32CubeIDE/plugins/com.st.stm32cube.ide.mcu.externaltools.gnu-tools-for-stm32.13.3.rel1.win32_1.0.0.202411081344/tools/bin/../lib/gcc/arm-none-eabi/13.3.1/../../../../arm-none-eabi/lib/thumb/v6-m/nofp\libc_nano.a(libc_a-lock.o)
                0x20000b6c                __lock___malloc_recursive_mutex
 *fill*         0x20000b6d        0x3 
 .bss.__malloc_sbrk_start
                0x20000b70        0x4 C:/ST/STM32CubeIDE_1.18.1/STM32CubeIDE/plugins/com.st.stm32cube.ide.mcu.externaltools.gnu-tools-for-stm32.13.3.rel1.win32_1.0.0.202411081344/tools/bin/../lib/gcc/arm-none-eabi/13.3.1/../../../../arm-none-eabi/lib/thumb/v6-m/nofp\libc_nano.a(libc_a-mallocr.o)
                0x20000b70                __malloc_sbrk_start
 .bss.__malloc_free_list
                0x20000b74        0x4 C:/ST/STM32CubeIDE_1.18.1/STM32CubeIDE/plugins/com.st.stm32cube.ide.mcu.externaltools.gnu-tools-for-stm32.13.3.rel1.win32_1.0.0.202411081344/tools/bin/../lib/gcc/arm-none-eabi/13.3.1/../../../../arm-none-eabi/lib/thumb/v6-m/nofp\libc_nano.a(libc_a-mallocr.o)
                0x20000b74                __malloc_free_list
 *(COMMON)
                0x20000b78                        . = ALIGN (0x4)
                0x20000b78                        _ebss = .
                0x20000b78                        __bss_end__ = _ebss

._user_heap_stack
                0x20000b78      0x600 load address 0x080074c8
                0x20000b78                        . = ALIGN (0x8)
                0x20000b78                        PROVIDE (end = .)
                [!provide]                        PROVIDE (_end = .)
                0x20000d78                        . = (. + _Min_Heap_Size)
 *fill*         0x20000b78      0x200 
                0x20001178                        . = (. + _Min_Stack_Size)
 *fill*         0x20000d78      0x400 
                0x20001178                        . = ALIGN (0x8)

/DISCARD/
 libc.a(*)
 libm.a(*)
 libgcc.a(*)

.ARM.attributes
                0x00000000       0x28
 *(.ARM.attributes)
 .ARM.attributes
                0x00000000       0x1e C:/ST/STM32CubeIDE_1.18.1/STM32CubeIDE/plugins/com.st.stm32cube.ide.mcu.externaltools.gnu-tools-for-stm32.13.3.rel1.win32_1.0.0.202411081344/tools/bin/../lib/gcc/arm-none-eabi/13.3.1/thumb/v6-m/nofp/crti.o
 .ARM.attributes
                0x0000001e       0x2c C:/ST/STM32CubeIDE_1.18.1/STM32CubeIDE/plugins/com.st.stm32cube.ide.mcu.externaltools.gnu-tools-for-stm32.13.3.rel1.win32_1.0.0.202411081344/tools/bin/../lib/gcc/arm-none-eabi/13.3.1/thumb/v6-m/nofp/crtbegin.o
 .ARM.attributes
                0x0000004a       0x2c ./Application/App/app_gnss.o
 .ARM.attributes
                0x00000076       0x2c ./Application/App/app_subghz_phy.o
 .ARM.attributes
                0x000000a2       0x2c ./Application/App/subghz_phy_app.o
 .ARM.attributes
                0x000000ce       0x2c ./Application/Core/dma.o
 .ARM.attributes
                0x000000fa       0x2c ./Application/Core/main.o
 .ARM.attributes
                0x00000126       0x2c ./Application/Core/rtc.o
 .ARM.attributes
                0x00000152       0x2c ./Application/Core/rtc_if.o
 .ARM.attributes
                0x0000017e       0x2c ./Application/Core/stm32_lpm_if.o
 .ARM.attributes
                0x000001aa       0x2c ./Application/Core/stm32l0xx_hal_msp.o
 .ARM.attributes
                0x000001d6       0x2c ./Application/Core/stm32l0xx_it.o
 .ARM.attributes
                0x00000202       0x2c ./Application/Core/sys_app.o
 .ARM.attributes
                0x0000022e       0x2c ./Application/Core/sys_debug.o
 .ARM.attributes
                0x0000025a       0x2c ./Application/Core/usart.o
 .ARM.attributes
                0x00000286       0x2c ./Application/Core/usart_if.o
 .ARM.attributes
                0x000002b2       0x22 ./Application/SW4STM32/startup_stm32l072xx.o
 .ARM.attributes
                0x000002d4       0x2c ./Application/SW4STM32/syscalls.o
 .ARM.attributes
                0x00000300       0x2c ./Application/Target/b_l072z_lrwan1_bus.o
 .ARM.attributes
                0x0000032c       0x2c ./Drivers/BSP/B-L072Z-LRWAN1/b-l072z-lrwan1.o
 .ARM.attributes
                0x00000358       0x2c ./Drivers/BSP/CMWX1ZZABZ_0xx/cmwx1zzabz_0xx.o
 .ARM.attributes
                0x00000384       0x2c ./Drivers/CMSIS/system_stm32l0xx.o
 .ARM.attributes
                0x000003b0       0x2c ./Drivers/STM32L0xx_HAL_Driver/stm32l0xx_hal.o
 .ARM.attributes
                0x000003dc       0x2c ./Drivers/STM32L0xx_HAL_Driver/stm32l0xx_hal_cortex.o
 .ARM.attributes
                0x00000408       0x2c ./Drivers/STM32L0xx_HAL_Driver/stm32l0xx_hal_dma.o
 .ARM.attributes
                0x00000434       0x2c ./Drivers/STM32L0xx_HAL_Driver/stm32l0xx_hal_exti.o
 .ARM.attributes
                0x00000460       0x2c ./Drivers/STM32L0xx_HAL_Driver/stm32l0xx_hal_gpio.o
 .ARM.attributes
                0x0000048c       0x2c ./Drivers/STM32L0xx_HAL_Driver/stm32l0xx_hal_pwr.o
 .ARM.attributes
                0x000004b8       0x2c ./Drivers/STM32L0xx_HAL_Driver/stm32l0xx_hal_pwr_ex.o
 .ARM.attributes
                0x000004e4       0x2c ./Drivers/STM32L0xx_HAL_Driver/stm32l0xx_hal_rcc.o
 .ARM.attributes
                0x00000510       0x2c ./Drivers/STM32L0xx_HAL_Driver/stm32l0xx_hal_rcc_ex.o
 .ARM.attributes
                0x0000053c       0x2c ./Drivers/STM32L0xx_HAL_Driver/stm32l0xx_hal_rtc.o
 .ARM.attributes
                0x00000568       0x2c ./Drivers/STM32L0xx_HAL_Driver/stm32l0xx_hal_rtc_ex.o
 .ARM.attributes
                0x00000594       0x2c ./Drivers/STM32L0xx_HAL_Driver/stm32l0xx_hal_spi.o
 .ARM.attributes
                0x000005c0       0x2c ./Drivers/STM32L0xx_HAL_Driver/stm32l0xx_hal_uart.o
 .ARM.attributes
                0x000005ec       0x2c ./Drivers/STM32L0xx_HAL_Driver/stm32l0xx_hal_uart_ex.o
 .ARM.attributes
                0x00000618       0x2c ./Middlewares/SubGHz_Phy/sx1276.o
 .ARM.attributes
                0x00000644       0x2c ./Utilities/stm32_adv_trace.o
 .ARM.attributes
                0x00000670       0x2c ./Utilities/stm32_lpm.o
 .ARM.attributes
                0x0000069c       0x2c ./Utilities/stm32_mem.o
 .ARM.attributes
                0x000006c8       0x2c ./Utilities/stm32_seq.o
 .ARM.attributes
                0x000006f4       0x2c ./Utilities/stm32_systime.o
 .ARM.attributes
                0x00000720       0x2c ./Utilities/stm32_timer.o
 .ARM.attributes
                0x0000074c       0x2c ./Utilities/stm32_tiny_vsnprintf.o
 .ARM.attributes
                0x00000778       0x2c C:/ST/STM32CubeIDE_1.18.1/STM32CubeIDE/plugins/com.st.stm32cube.ide.mcu.externaltools.gnu-tools-for-stm32.13.3.rel1.win32_1.0.0.202411081344/tools/bin/../lib/gcc/arm-none-eabi/13.3.1/../../../../arm-none-eabi/lib/thumb/v6-m/nofp\libc_nano.a(libc_a-findfp.o)
 .ARM.attributes
                0x000007a4       0x2c C:/ST/STM32CubeIDE_1.18.1/STM32CubeIDE/plugins/com.st.stm32cube.ide.mcu.externaltools.gnu-tools-for-stm32.13.3.rel1.win32_1.0.0.202411081344/tools/bin/../lib/gcc/arm-none-eabi/13.3.1/../../../../arm-none-eabi/lib/thumb/v6-m/nofp\libc_nano.a(libc_a-snprintf.o)
 .ARM.attributes
                0x000007d0       0x2c C:/ST/STM32CubeIDE_1.18.1/STM32CubeIDE/plugins/com.st.stm32cube.ide.mcu.externaltools.gnu-tools-for-stm32.13.3.rel1.win32_1.0.0.202411081344/tools/bin/../lib/gcc/arm-none-eabi/13.3.1/../../../../arm-none-eabi/lib/thumb/v6-m/nofp\libc_nano.a(libc_a-memcmp.o)
 .ARM.attributes
                0x000007fc       0x2c C:/ST/STM32CubeIDE_1.18.1/STM32CubeIDE/plugins/com.st.stm32cube.ide.mcu.externaltools.gnu-tools-for-stm32.13.3.rel1.win32_1.0.0.202411081344/tools/bin/../lib/gcc/arm-none-eabi/13.3.1/../../../../arm-none-eabi/lib/thumb/v6-m/nofp\libc_nano.a(libc_a-memset.o)
 .ARM.attributes
                0x00000828       0x2c C:/ST/STM32CubeIDE_1.18.1/STM32CubeIDE/plugins/com.st.stm32cube.ide.mcu.externaltools.gnu-tools-for-stm32.13.3.rel1.win32_1.0.0.202411081344/tools/bin/../lib/gcc/arm-none-eabi/13.3.1/../../../../arm-none-eabi/lib/thumb/v6-m/nofp\libc_nano.a(libc_a-reent.o)
 .ARM.attributes
                0x00000854       0x2c C:/ST/STM32CubeIDE_1.18.1/STM32CubeIDE/plugins/com.st.stm32cube.ide.mcu.externaltools.gnu-tools-for-stm32.13.3.rel1.win32_1.0.0.202411081344/tools/bin/../lib/gcc/arm-none-eabi/13.3.1/../../../../arm-none-eabi/lib/thumb/v6-m/nofp\libc_nano.a(libc_a-impure.o)
 .ARM.attributes
                0x00000880       0x2c C:/ST/STM32CubeIDE_1.18.1/STM32CubeIDE/plugins/com.st.stm32cube.ide.mcu.externaltools.gnu-tools-for-stm32.13.3.rel1.win32_1.0.0.202411081344/tools/bin/../lib/gcc/arm-none-eabi/13.3.1/../../../../arm-none-eabi/lib/thumb/v6-m/nofp\libc_nano.a(libc_a-errno.o)
 .ARM.attributes
                0x000008ac       0x2c C:/ST/STM32CubeIDE_1.18.1/STM32CubeIDE/plugins/com.st.stm32cube.ide.mcu.externaltools.gnu-tools-for-stm32.13.3.rel1.win32_1.0.0.202411081344/tools/bin/../lib/gcc/arm-none-eabi/13.3.1/../../../../arm-none-eabi/lib/thumb/v6-m/nofp\libc_nano.a(libc_a-init.o)
 .ARM.attributes
                0x000008d8       0x2c C:/ST/STM32CubeIDE_1.18.1/STM32CubeIDE/plugins/com.st.stm32cube.ide.mcu.externaltools.gnu-tools-for-stm32.13.3.rel1.win32_1.0.0.202411081344/tools/bin/../lib/gcc/arm-none-eabi/13.3.1/../../../../arm-none-eabi/lib/thumb/v6-m/nofp\libc_nano.a(libc_a-lock.o)
 .ARM.attributes
                0x00000904       0x2c C:/ST/STM32CubeIDE_1.18.1/STM32CubeIDE/plugins/com.st.stm32cube.ide.mcu.externaltools.gnu-tools-for-stm32.13.3.rel1.win32_1.0.0.202411081344/tools/bin/../lib/gcc/arm-none-eabi/13.3.1/../../../../arm-none-eabi/lib/thumb/v6-m/nofp\libc_nano.a(libc_a-memcpy-stub.o)
 .ARM.attributes
                0x00000930       0x1c C:/ST/STM32CubeIDE_1.18.1/STM32CubeIDE/plugins/com.st.stm32cube.ide.mcu.externaltools.gnu-tools-for-stm32.13.3.rel1.win32_1.0.0.202411081344/tools/bin/../lib/gcc/arm-none-eabi/13.3.1/../../../../arm-none-eabi/lib/thumb/v6-m/nofp\libc_nano.a(libc_a-strlen.o)
 .ARM.attributes
                0x0000094c       0x2c C:/ST/STM32CubeIDE_1.18.1/STM32CubeIDE/plugins/com.st.stm32cube.ide.mcu.externaltools.gnu-tools-for-stm32.13.3.rel1.win32_1.0.0.202411081344/tools/bin/../lib/gcc/arm-none-eabi/13.3.1/../../../../arm-none-eabi/lib/thumb/v6-m/nofp\libc_nano.a(libc_a-freer.o)
 .ARM.attributes
                0x00000978       0x2c C:/ST/STM32CubeIDE_1.18.1/STM32CubeIDE/plugins/com.st.stm32cube.ide.mcu.externaltools.gnu-tools-for-stm32.13.3.rel1.win32_1.0.0.202411081344/tools/bin/../lib/gcc/arm-none-eabi/13.3.1/../../../../arm-none-eabi/lib/thumb/v6-m/nofp\libc_nano.a(libc_a-mallocr.o)
 .ARM.attributes
                0x000009a4       0x2c C:/ST/STM32CubeIDE_1.18.1/STM32CubeIDE/plugins/com.st.stm32cube.ide.mcu.externaltools.gnu-tools-for-stm32.13.3.rel1.win32_1.0.0.202411081344/tools/bin/../lib/gcc/arm-none-eabi/13.3.1/../../../../arm-none-eabi/lib/thumb/v6-m/nofp\libc_nano.a(libc_a-mlock.o)
 .ARM.attributes
                0x000009d0       0x2c C:/ST/STM32CubeIDE_1.18.1/STM32CubeIDE/plugins/com.st.stm32cube.ide.mcu.externaltools.gnu-tools-for-stm32.13.3.rel1.win32_1.0.0.202411081344/tools/bin/../lib/gcc/arm-none-eabi/13.3.1/../../../../arm-none-eabi/lib/thumb/v6-m/nofp\libc_nano.a(libc_a-nano-svfprintf.o)
 .ARM.attributes
                0x000009fc       0x2c C:/ST/STM32CubeIDE_1.18.1/STM32CubeIDE/plugins/com.st.stm32cube.ide.mcu.externaltools.gnu-tools-for-stm32.13.3.rel1.win32_1.0.0.202411081344/tools/bin/../lib/gcc/arm-none-eabi/13.3.1/../../../../arm-none-eabi/lib/thumb/v6-m/nofp\libc_nano.a(libc_a-nano-vfprintf_i.o)
 .ARM.attributes
                0x00000a28       0x2c C:/ST/STM32CubeIDE_1.18.1/STM32CubeIDE/plugins/com.st.stm32cube.ide.mcu.externaltools.gnu-tools-for-stm32.13.3.rel1.win32_1.0.0.202411081344/tools/bin/../lib/gcc/arm-none-eabi/13.3.1/../../../../arm-none-eabi/lib/thumb/v6-m/nofp\libc_nano.a(libc_a-memmove.o)
 .ARM.attributes
                0x00000a54       0x2c C:/ST/STM32CubeIDE_1.18.1/STM32CubeIDE/plugins/com.st.stm32cube.ide.mcu.externaltools.gnu-tools-for-stm32.13.3.rel1.win32_1.0.0.202411081344/tools/bin/../lib/gcc/arm-none-eabi/13.3.1/../../../../arm-none-eabi/lib/thumb/v6-m/nofp\libc_nano.a(libc_a-sbrkr.o)
 .ARM.attributes
                0x00000a80       0x2c C:/ST/STM32CubeIDE_1.18.1/STM32CubeIDE/plugins/com.st.stm32cube.ide.mcu.externaltools.gnu-tools-for-stm32.13.3.rel1.win32_1.0.0.202411081344/tools/bin/../lib/gcc/arm-none-eabi/13.3.1/../../../../arm-none-eabi/lib/thumb/v6-m/nofp\libc_nano.a(libc_a-memchr-stub.o)
 .ARM.attributes
                0x00000aac       0x2c C:/ST/STM32CubeIDE_1.18.1/STM32CubeIDE/plugins/com.st.stm32cube.ide.mcu.externaltools.gnu-tools-for-stm32.13.3.rel1.win32_1.0.0.202411081344/tools/bin/../lib/gcc/arm-none-eabi/13.3.1/../../../../arm-none-eabi/lib/thumb/v6-m/nofp\libc_nano.a(libc_a-reallocr.o)
 .ARM.attributes
                0x00000ad8       0x2c C:/ST/STM32CubeIDE_1.18.1/STM32CubeIDE/plugins/com.st.stm32cube.ide.mcu.externaltools.gnu-tools-for-stm32.13.3.rel1.win32_1.0.0.202411081344/tools/bin/../lib/gcc/arm-none-eabi/13.3.1/../../../../arm-none-eabi/lib/thumb/v6-m/nofp\libc_nano.a(libc_a-msizer.o)
 .ARM.attributes
                0x00000b04       0x1e C:/ST/STM32CubeIDE_1.18.1/STM32CubeIDE/plugins/com.st.stm32cube.ide.mcu.externaltools.gnu-tools-for-stm32.13.3.rel1.win32_1.0.0.202411081344/tools/bin/../lib/gcc/arm-none-eabi/13.3.1/thumb/v6-m/nofp\libgcc.a(_thumb1_case_uqi.o)
 .ARM.attributes
                0x00000b22       0x1e C:/ST/STM32CubeIDE_1.18.1/STM32CubeIDE/plugins/com.st.stm32cube.ide.mcu.externaltools.gnu-tools-for-stm32.13.3.rel1.win32_1.0.0.202411081344/tools/bin/../lib/gcc/arm-none-eabi/13.3.1/thumb/v6-m/nofp\libgcc.a(_thumb1_case_shi.o)
 .ARM.attributes
                0x00000b40       0x1e C:/ST/STM32CubeIDE_1.18.1/STM32CubeIDE/plugins/com.st.stm32cube.ide.mcu.externaltools.gnu-tools-for-stm32.13.3.rel1.win32_1.0.0.202411081344/tools/bin/../lib/gcc/arm-none-eabi/13.3.1/thumb/v6-m/nofp\libgcc.a(_udivsi3.o)
 .ARM.attributes
                0x00000b5e       0x1e C:/ST/STM32CubeIDE_1.18.1/STM32CubeIDE/plugins/com.st.stm32cube.ide.mcu.externaltools.gnu-tools-for-stm32.13.3.rel1.win32_1.0.0.202411081344/tools/bin/../lib/gcc/arm-none-eabi/13.3.1/thumb/v6-m/nofp\libgcc.a(_divsi3.o)
 .ARM.attributes
                0x00000b7c       0x1e C:/ST/STM32CubeIDE_1.18.1/STM32CubeIDE/plugins/com.st.stm32cube.ide.mcu.externaltools.gnu-tools-for-stm32.13.3.rel1.win32_1.0.0.202411081344/tools/bin/../lib/gcc/arm-none-eabi/13.3.1/thumb/v6-m/nofp\libgcc.a(_dvmd_tls.o)
 .ARM.attributes
                0x00000b9a       0x1e C:/ST/STM32CubeIDE_1.18.1/STM32CubeIDE/plugins/com.st.stm32cube.ide.mcu.externaltools.gnu-tools-for-stm32.13.3.rel1.win32_1.0.0.202411081344/tools/bin/../lib/gcc/arm-none-eabi/13.3.1/thumb/v6-m/nofp\libgcc.a(_aeabi_uldivmod.o)
 .ARM.attributes
                0x00000bb8       0x2c C:/ST/STM32CubeIDE_1.18.1/STM32CubeIDE/plugins/com.st.stm32cube.ide.mcu.externaltools.gnu-tools-for-stm32.13.3.rel1.win32_1.0.0.202411081344/tools/bin/../lib/gcc/arm-none-eabi/13.3.1/thumb/v6-m/nofp\libgcc.a(_muldi3.o)
 .ARM.attributes
                0x00000be4       0x2c C:/ST/STM32CubeIDE_1.18.1/STM32CubeIDE/plugins/com.st.stm32cube.ide.mcu.externaltools.gnu-tools-for-stm32.13.3.rel1.win32_1.0.0.202411081344/tools/bin/../lib/gcc/arm-none-eabi/13.3.1/thumb/v6-m/nofp\libgcc.a(_udivmoddi4.o)
 .ARM.attributes
                0x00000c10       0x1e C:/ST/STM32CubeIDE_1.18.1/STM32CubeIDE/plugins/com.st.stm32cube.ide.mcu.externaltools.gnu-tools-for-stm32.13.3.rel1.win32_1.0.0.202411081344/tools/bin/../lib/gcc/arm-none-eabi/13.3.1/thumb/v6-m/nofp\libgcc.a(_clzdi2.o)
 .ARM.attributes
                0x00000c2e       0x1e C:/ST/STM32CubeIDE_1.18.1/STM32CubeIDE/plugins/com.st.stm32cube.ide.mcu.externaltools.gnu-tools-for-stm32.13.3.rel1.win32_1.0.0.202411081344/tools/bin/../lib/gcc/arm-none-eabi/13.3.1/thumb/v6-m/nofp\libgcc.a(_clzsi2.o)
 .ARM.attributes
                0x00000c4c       0x1e C:/ST/STM32CubeIDE_1.18.1/STM32CubeIDE/plugins/com.st.stm32cube.ide.mcu.externaltools.gnu-tools-for-stm32.13.3.rel1.win32_1.0.0.202411081344/tools/bin/../lib/gcc/arm-none-eabi/13.3.1/thumb/v6-m/nofp/crtn.o
OUTPUT(cmwx1zzabz_0xx.elf elf32-littlearm)
LOAD linker stubs
LOAD C:/ST/STM32CubeIDE_1.18.1/STM32CubeIDE/plugins/com.st.stm32cube.ide.mcu.externaltools.gnu-tools-for-stm32.13.3.rel1.win32_1.0.0.202411081344/tools/bin/../lib/gcc/arm-none-eabi/13.3.1/../../../../arm-none-eabi/lib/thumb/v6-m/nofp\libc.a
LOAD C:/ST/STM32CubeIDE_1.18.1/STM32CubeIDE/plugins/com.st.stm32cube.ide.mcu.externaltools.gnu-tools-for-stm32.13.3.rel1.win32_1.0.0.202411081344/tools/bin/../lib/gcc/arm-none-eabi/13.3.1/../../../../arm-none-eabi/lib/thumb/v6-m/nofp\libm.a
LOAD C:/ST/STM32CubeIDE_1.18.1/STM32CubeIDE/plugins/com.st.stm32cube.ide.mcu.externaltools.gnu-tools-for-stm32.13.3.rel1.win32_1.0.0.202411081344/tools/bin/../lib/gcc/arm-none-eabi/13.3.1/thumb/v6-m/nofp\libgcc.a

.debug_info     0x00000000    0x22801
 .debug_info    0x00000000     0x1ba7 ./Application/App/app_gnss.o
 .debug_info    0x00001ba7      0x10f ./Application/App/app_subghz_phy.o
 .debug_info    0x00001cb6     0x152c ./Application/App/subghz_phy_app.o
 .debug_info    0x000031e2      0x317 ./Application/Core/dma.o
 .debug_info    0x000034f9      0x82f ./Application/Core/main.o
 .debug_info    0x00003d28      0xaa7 ./Application/Core/rtc.o
 .debug_info    0x000047cf     0x117e ./Application/Core/rtc_if.o
 .debug_info    0x0000594d      0x467 ./Application/Core/stm32_lpm_if.o
 .debug_info    0x00005db4      0x29a ./Application/Core/stm32l0xx_hal_msp.o
 .debug_info    0x0000604e      0xa95 ./Application/Core/stm32l0xx_it.o
 .debug_info    0x00006ae3      0x9f8 ./Application/Core/sys_app.o
 .debug_info    0x000074db      0x3fa ./Application/Core/sys_debug.o
 .debug_info    0x000078d5      0xd48 ./Application/Core/usart.o
 .debug_info    0x0000861d      0xdb5 ./Application/Core/usart_if.o
 .debug_info    0x000093d2       0x30 ./Application/SW4STM32/startup_stm32l072xx.o
 .debug_info    0x00009402      0x83d ./Application/SW4STM32/syscalls.o
 .debug_info    0x00009c3f      0xd68 ./Application/Target/b_l072z_lrwan1_bus.o
 .debug_info    0x0000a9a7      0xa63 ./Drivers/BSP/B-L072Z-LRWAN1/b-l072z-lrwan1.o
 .debug_info    0x0000b40a     0x15d1 ./Drivers/BSP/CMWX1ZZABZ_0xx/cmwx1zzabz_0xx.o
 .debug_info    0x0000c9db      0x3d1 ./Drivers/CMSIS/system_stm32l0xx.o
 .debug_info    0x0000cdac      0x989 ./Drivers/STM32L0xx_HAL_Driver/stm32l0xx_hal.o
 .debug_info    0x0000d735      0x9fb ./Drivers/STM32L0xx_HAL_Driver/stm32l0xx_hal_cortex.o
 .debug_info    0x0000e130      0x847 ./Drivers/STM32L0xx_HAL_Driver/stm32l0xx_hal_dma.o
 .debug_info    0x0000e977      0x578 ./Drivers/STM32L0xx_HAL_Driver/stm32l0xx_hal_exti.o
 .debug_info    0x0000eeef      0x663 ./Drivers/STM32L0xx_HAL_Driver/stm32l0xx_hal_gpio.o
 .debug_info    0x0000f552      0x64e ./Drivers/STM32L0xx_HAL_Driver/stm32l0xx_hal_pwr.o
 .debug_info    0x0000fba0      0x1aa ./Drivers/STM32L0xx_HAL_Driver/stm32l0xx_hal_pwr_ex.o
 .debug_info    0x0000fd4a      0xcfc ./Drivers/STM32L0xx_HAL_Driver/stm32l0xx_hal_rcc.o
 .debug_info    0x00010a46      0x8bd ./Drivers/STM32L0xx_HAL_Driver/stm32l0xx_hal_rcc_ex.o
 .debug_info    0x00011303      0xf4e ./Drivers/STM32L0xx_HAL_Driver/stm32l0xx_hal_rtc.o
 .debug_info    0x00012251     0x111d ./Drivers/STM32L0xx_HAL_Driver/stm32l0xx_hal_rtc_ex.o
 .debug_info    0x0001336e     0x2062 ./Drivers/STM32L0xx_HAL_Driver/stm32l0xx_hal_spi.o
 .debug_info    0x000153d0     0x4fee ./Drivers/STM32L0xx_HAL_Driver/stm32l0xx_hal_uart.o
 .debug_info    0x0001a3be      0xfed ./Drivers/STM32L0xx_HAL_Driver/stm32l0xx_hal_uart_ex.o
 .debug_info    0x0001b3ab     0x3a4b ./Middlewares/SubGHz_Phy/sx1276.o
 .debug_info    0x0001edf6      0xfa7 ./Utilities/stm32_adv_trace.o
 .debug_info    0x0001fd9d      0x3f1 ./Utilities/stm32_lpm.o
 .debug_info    0x0002018e      0x1ec ./Utilities/stm32_mem.o
 .debug_info    0x0002037a      0xac4 ./Utilities/stm32_seq.o
 .debug_info    0x00020e3e      0x9b7 ./Utilities/stm32_systime.o
 .debug_info    0x000217f5      0xc26 ./Utilities/stm32_timer.o
 .debug_info    0x0002241b      0x3e6 ./Utilities/stm32_tiny_vsnprintf.o

.debug_abbrev   0x00000000     0x69f0
 .debug_abbrev  0x00000000      0x328 ./Application/App/app_gnss.o
 .debug_abbrev  0x00000328       0xba ./Application/App/app_subghz_phy.o
 .debug_abbrev  0x000003e2      0x378 ./Application/App/subghz_phy_app.o
 .debug_abbrev  0x0000075a      0x119 ./Application/Core/dma.o
 .debug_abbrev  0x00000873      0x286 ./Application/Core/main.o
 .debug_abbrev  0x00000af9      0x1bd ./Application/Core/rtc.o
 .debug_abbrev  0x00000cb6      0x401 ./Application/Core/rtc_if.o
 .debug_abbrev  0x000010b7      0x29d ./Application/Core/stm32_lpm_if.o
 .debug_abbrev  0x00001354       0xe6 ./Application/Core/stm32l0xx_hal_msp.o
 .debug_abbrev  0x0000143a      0x1fc ./Application/Core/stm32l0xx_it.o
 .debug_abbrev  0x00001636      0x364 ./Application/Core/sys_app.o
 .debug_abbrev  0x0000199a      0x1b9 ./Application/Core/sys_debug.o
 .debug_abbrev  0x00001b53      0x249 ./Application/Core/usart.o
 .debug_abbrev  0x00001d9c      0x2a5 ./Application/Core/usart_if.o
 .debug_abbrev  0x00002041       0x24 ./Application/SW4STM32/startup_stm32l072xx.o
 .debug_abbrev  0x00002065      0x22c ./Application/SW4STM32/syscalls.o
 .debug_abbrev  0x00002291      0x2f4 ./Application/Target/b_l072z_lrwan1_bus.o
 .debug_abbrev  0x00002585      0x299 ./Drivers/BSP/B-L072Z-LRWAN1/b-l072z-lrwan1.o
 .debug_abbrev  0x0000281e      0x41f ./Drivers/BSP/CMWX1ZZABZ_0xx/cmwx1zzabz_0xx.o
 .debug_abbrev  0x00002c3d      0x136 ./Drivers/CMSIS/system_stm32l0xx.o
 .debug_abbrev  0x00002d73      0x300 ./Drivers/STM32L0xx_HAL_Driver/stm32l0xx_hal.o
 .debug_abbrev  0x00003073      0x2ce ./Drivers/STM32L0xx_HAL_Driver/stm32l0xx_hal_cortex.o
 .debug_abbrev  0x00003341      0x218 ./Drivers/STM32L0xx_HAL_Driver/stm32l0xx_hal_dma.o
 .debug_abbrev  0x00003559      0x1f4 ./Drivers/STM32L0xx_HAL_Driver/stm32l0xx_hal_exti.o
 .debug_abbrev  0x0000374d      0x1f2 ./Drivers/STM32L0xx_HAL_Driver/stm32l0xx_hal_gpio.o
 .debug_abbrev  0x0000393f      0x181 ./Drivers/STM32L0xx_HAL_Driver/stm32l0xx_hal_pwr.o
 .debug_abbrev  0x00003ac0      0x11f ./Drivers/STM32L0xx_HAL_Driver/stm32l0xx_hal_pwr_ex.o
 .debug_abbrev  0x00003bdf      0x2ee ./Drivers/STM32L0xx_HAL_Driver/stm32l0xx_hal_rcc.o
 .debug_abbrev  0x00003ecd      0x252 ./Drivers/STM32L0xx_HAL_Driver/stm32l0xx_hal_rcc_ex.o
 .debug_abbrev  0x0000411f      0x26d ./Drivers/STM32L0xx_HAL_Driver/stm32l0xx_hal_rtc.o
 .debug_abbrev  0x0000438c      0x294 ./Drivers/STM32L0xx_HAL_Driver/stm32l0xx_hal_rtc_ex.o
 .debug_abbrev  0x00004620      0x317 ./Drivers/STM32L0xx_HAL_Driver/stm32l0xx_hal_spi.o
 .debug_abbrev  0x00004937      0x3fa ./Drivers/STM32L0xx_HAL_Driver/stm32l0xx_hal_uart.o
 .debug_abbrev  0x00004d31      0x30d ./Drivers/STM32L0xx_HAL_Driver/stm32l0xx_hal_uart_ex.o
 .debug_abbrev  0x0000503e      0x51a ./Middlewares/SubGHz_Phy/sx1276.o
 .debug_abbrev  0x00005558      0x47e ./Utilities/stm32_adv_trace.o
 .debug_abbrev  0x000059d6      0x23b ./Utilities/stm32_lpm.o
 .debug_abbrev  0x00005c11       0xe9 ./Utilities/stm32_mem.o
 .debug_abbrev  0x00005cfa      0x333 ./Utilities/stm32_seq.o
 .debug_abbrev  0x0000602d      0x3c4 ./Utilities/stm32_systime.o
 .debug_abbrev  0x000063f1      0x411 ./Utilities/stm32_timer.o
 .debug_abbrev  0x00006802      0x1ee ./Utilities/stm32_tiny_vsnprintf.o

.debug_loclists
                0x00000000     0xbdd9
 .debug_loclists
                0x00000000       0x94 ./Application/App/app_gnss.o
 .debug_loclists
                0x00000094      0x11f ./Application/App/subghz_phy_app.o
 .debug_loclists