D:/Git/ProgettoMisureSulleReti2025/STM32CubeExpansion_LRWAN_V2.1.0/Drivers/BSP/B-L072Z-LRWAN1/b-l072z-lrwan1.c:94:10:BSP_GetVersion	0	static
D:/Git/ProgettoMisureSulleReti2025/STM32CubeExpansion_LRWAN_V2.1.0/Drivers/BSP/B-L072Z-LRWAN1/b-l072z-lrwan1.c:106:6:BSP_LED_Init	48	static
D:/Git/ProgettoMisureSulleReti2025/STM32CubeExpansion_LRWAN_V2.1.0/Drivers/BSP/B-L072Z-LRWAN1/b-l072z-lrwan1.c:129:6:BSP_LED_On	8	static
D:/Git/ProgettoMisureSulleReti2025/STM32CubeExpansion_LRWAN_V2.1.0/Drivers/BSP/B-L072Z-LRWAN1/b-l072z-lrwan1.c:141:6:BSP_LED_Off	8	static
D:/Git/ProgettoMisureSulleReti2025/STM32CubeExpansion_LRWAN_V2.1.0/Drivers/BSP/B-L072Z-LRWAN1/b-l072z-lrwan1.c:153:6:BSP_LED_Toggle	8	static
D:/Git/ProgettoMisureSulleReti2025/STM32CubeExpansion_LRWAN_V2.1.0/Drivers/BSP/B-L072Z-LRWAN1/b-l072z-lrwan1.c:169:6:BSP_PB_Init	40	static
D:/Git/ProgettoMisureSulleReti2025/STM32CubeExpansion_LRWAN_V2.1.0/Drivers/BSP/B-L072Z-LRWAN1/b-l072z-lrwan1.c:207:10:BSP_PB_GetState	8	static
