C:/Users/giuli/Documents/MAGISTRALE-git/ProgettoMisureSulleReti2025/STM32CubeExpansion_LRWAN_V2.1.0/Projects/B-L072Z-LRWAN1/Applications/SubGHz_Phy/SubGHz_Phy_PingPong/SubGHz_Phy/App/subghz_phy_app.c:497:13:OnledEvent	8	static
C:/Users/giuli/Documents/MAGISTRALE-git/ProgettoMisureSulleReti2025/STM32CubeExpansion_LRWAN_V2.1.0/Projects/B-L072Z-LRWAN1/Applications/SubGHz_Phy/SubGHz_Phy_PingPong/SubGHz_Phy/App/subghz_phy_app.c:433:13:Slave	16	static
C:/Users/giuli/Documents/MAGISTRALE-git/ProgettoMisureSulleReti2025/STM32CubeExpansion_LRWAN_V2.1.0/Projects/B-L072Z-LRWAN1/Applications/SubGHz_Phy/SubGHz_Phy_PingPong/SubGHz_Phy/App/subghz_phy_app.c:286:13:OnRxDone	40	static
C:/Users/giuli/Documents/MAGISTRALE-git/ProgettoMisureSulleReti2025/STM32CubeExpansion_LRWAN_V2.1.0/Projects/B-L072Z-LRWAN1/Applications/SubGHz_Phy/SubGHz_Phy_PingPong/SubGHz_Phy/App/subghz_phy_app.c:364:13:OnRxError.part.0	8	static
C:/Users/giuli/Documents/MAGISTRALE-git/ProgettoMisureSulleReti2025/STM32CubeExpansion_LRWAN_V2.1.0/Projects/B-L072Z-LRWAN1/Applications/SubGHz_Phy/SubGHz_Phy_PingPong/SubGHz_Phy/App/subghz_phy_app.c:364:13:OnRxError	8	static
C:/Users/giuli/Documents/MAGISTRALE-git/ProgettoMisureSulleReti2025/STM32CubeExpansion_LRWAN_V2.1.0/Projects/B-L072Z-LRWAN1/Applications/SubGHz_Phy/SubGHz_Phy_PingPong/SubGHz_Phy/App/subghz_phy_app.c:348:13:OnRxTimeout	8	static
C:/Users/giuli/Documents/MAGISTRALE-git/ProgettoMisureSulleReti2025/STM32CubeExpansion_LRWAN_V2.1.0/Projects/B-L072Z-LRWAN1/Applications/SubGHz_Phy/SubGHz_Phy_PingPong/SubGHz_Phy/App/subghz_phy_app.c:332:13:OnTxTimeout	8	static
C:/Users/giuli/Documents/MAGISTRALE-git/ProgettoMisureSulleReti2025/STM32CubeExpansion_LRWAN_V2.1.0/Projects/B-L072Z-LRWAN1/Applications/SubGHz_Phy/SubGHz_Phy_PingPong/SubGHz_Phy/App/subghz_phy_app.c:270:13:OnTxDone	8	static
C:/Users/giuli/Documents/MAGISTRALE-git/ProgettoMisureSulleReti2025/STM32CubeExpansion_LRWAN_V2.1.0/Projects/B-L072Z-LRWAN1/Applications/SubGHz_Phy/SubGHz_Phy_PingPong/SubGHz_Phy/App/subghz_phy_app.c:172:6:SubghzApp_Init	72	static
C:/Users/giuli/Documents/MAGISTRALE-git/ProgettoMisureSulleReti2025/STM32CubeExpansion_LRWAN_V2.1.0/Projects/B-L072Z-LRWAN1/Applications/SubGHz_Phy/SubGHz_Phy_PingPong/SubGHz_Phy/App/subghz_phy_app.c:383:6:get_gps_position	16	static
C:/Users/giuli/Documents/MAGISTRALE-git/ProgettoMisureSulleReti2025/STM32CubeExpansion_LRWAN_V2.1.0/Projects/B-L072Z-LRWAN1/Applications/SubGHz_Phy/SubGHz_Phy_PingPong/SubGHz_Phy/App/subghz_phy_app.c:395:13:Master	104	static
