C:/Users/giuli/Documents/MAGISTRALE-git/ProgettoMisureSulleReti2025/STM32CubeExpansion_LRWAN_V2.1.0/Projects/B-L072Z-LRWAN1/Applications/SubGHz_Phy/SubGHz_Phy_PingPong/SubGHz_Phy/App/subghz_phy_app.c:495:13:OnledEvent	8	static
C:/Users/giuli/Documents/MAGISTRALE-git/ProgettoMisureSulleReti2025/STM32CubeExpansion_LRWAN_V2.1.0/Projects/B-L072Z-LRWAN1/Applications/SubGHz_Phy/SubGHz_Phy_PingPong/SubGHz_Phy/App/subghz_phy_app.c:431:13:Slave	16	static
C:/Users/giuli/Documents/MAGISTRALE-git/ProgettoMisureSulleReti2025/STM32CubeExpansion_LRWAN_V2.1.0/Projects/B-L072Z-LRWAN1/Applications/SubGHz_Phy/SubGHz_Phy_PingPong/SubGHz_Phy/App/subghz_phy_app.c:284:13:OnRxDone	40	static
C:/Users/giuli/Documents/MAGISTRALE-git/ProgettoMisureSulleReti2025/STM32CubeExpansion_LRWAN_V2.1.0/Projects/B-L072Z-LRWAN1/Applications/SubGHz_Phy/SubGHz_Phy_PingPong/SubGHz_Phy/App/subghz_phy_app.c:362:13:OnRxError.part.0	8	static
C:/Users/giuli/Documents/MAGISTRALE-git/ProgettoMisureSulleReti2025/STM32CubeExpansion_LRWAN_V2.1.0/Projects/B-L072Z-LRWAN1/Applications/SubGHz_Phy/SubGHz_Phy_PingPong/SubGHz_Phy/App/subghz_phy_app.c:362:13:OnRxError	8	static
C:/Users/giuli/Documents/MAGISTRALE-git/ProgettoMisureSulleReti2025/STM32CubeExpansion_LRWAN_V2.1.0/Projects/B-L072Z-LRWAN1/Applications/SubGHz_Phy/SubGHz_Phy_PingPong/SubGHz_Phy/App/subghz_phy_app.c:346:13:OnRxTimeout	8	static
C:/Users/giuli/Documents/MAGISTRALE-git/ProgettoMisureSulleReti2025/STM32CubeExpansion_LRWAN_V2.1.0/Projects/B-L072Z-LRWAN1/Applications/SubGHz_Phy/SubGHz_Phy_PingPong/SubGHz_Phy/App/subghz_phy_app.c:330:13:OnTxTimeout	8	static
C:/Users/giuli/Documents/MAGISTRALE-git/ProgettoMisureSulleReti2025/STM32CubeExpansion_LRWAN_V2.1.0/Projects/B-L072Z-LRWAN1/Applications/SubGHz_Phy/SubGHz_Phy_PingPong/SubGHz_Phy/App/subghz_phy_app.c:268:13:OnTxDone	8	static
C:/Users/giuli/Documents/MAGISTRALE-git/ProgettoMisureSulleReti2025/STM32CubeExpansion_LRWAN_V2.1.0/Projects/B-L072Z-LRWAN1/Applications/SubGHz_Phy/SubGHz_Phy_PingPong/SubGHz_Phy/App/subghz_phy_app.c:170:6:SubghzApp_Init	72	static
C:/Users/giuli/Documents/MAGISTRALE-git/ProgettoMisureSulleReti2025/STM32CubeExpansion_LRWAN_V2.1.0/Projects/B-L072Z-LRWAN1/Applications/SubGHz_Phy/SubGHz_Phy_PingPong/SubGHz_Phy/App/subghz_phy_app.c:381:6:get_gps_position	16	static
C:/Users/giuli/Documents/MAGISTRALE-git/ProgettoMisureSulleReti2025/STM32CubeExpansion_LRWAN_V2.1.0/Projects/B-L072Z-LRWAN1/Applications/SubGHz_Phy/SubGHz_Phy_PingPong/SubGHz_Phy/App/subghz_phy_app.c:393:13:Master	104	static
